Component: ARM Compiler 5.06 update 7 (build 960) Tool: armlink [4d3601]

==============================================================================

Section Cross References

    startup_stm32f103xb.o(STACK) refers (Special) to heapauxi.o(.text) for __use_two_region_memory
    startup_stm32f103xb.o(HEAP) refers (Special) to heapauxi.o(.text) for __use_two_region_memory
    startup_stm32f103xb.o(RESET) refers (Special) to heapauxi.o(.text) for __use_two_region_memory
    startup_stm32f103xb.o(RESET) refers to startup_stm32f103xb.o(STACK) for __initial_sp
    startup_stm32f103xb.o(RESET) refers to startup_stm32f103xb.o(.text) for Reset_Handler
    startup_stm32f103xb.o(RESET) refers to stm32f1xx_it.o(i.NMI_Handler) for NMI_Handler
    startup_stm32f103xb.o(RESET) refers to stm32f1xx_it.o(i.HardFault_Handler) for HardFault_Handler
    startup_stm32f103xb.o(RESET) refers to stm32f1xx_it.o(i.MemManage_Handler) for MemManage_Handler
    startup_stm32f103xb.o(RESET) refers to stm32f1xx_it.o(i.BusFault_Handler) for BusFault_Handler
    startup_stm32f103xb.o(RESET) refers to stm32f1xx_it.o(i.UsageFault_Handler) for UsageFault_Handler
    startup_stm32f103xb.o(RESET) refers to port.o(.emb_text) for SVC_Handler
    startup_stm32f103xb.o(RESET) refers to stm32f1xx_it.o(i.DebugMon_Handler) for DebugMon_Handler
    startup_stm32f103xb.o(RESET) refers to port.o(i.SysTick_Handler) for SysTick_Handler
    startup_stm32f103xb.o(RESET) refers to stm32f1xx_it.o(i.TIM4_IRQHandler) for TIM4_IRQHandler
    startup_stm32f103xb.o(RESET) refers to stm32f1xx_it.o(i.I2C1_EV_IRQHandler) for I2C1_EV_IRQHandler
    startup_stm32f103xb.o(RESET) refers to stm32f1xx_it.o(i.USART1_IRQHandler) for USART1_IRQHandler
    startup_stm32f103xb.o(RESET) refers to stm32f1xx_it.o(i.USART2_IRQHandler) for USART2_IRQHandler
    startup_stm32f103xb.o(.text) refers (Special) to heapauxi.o(.text) for __use_two_region_memory
    startup_stm32f103xb.o(.text) refers to system_stm32f1xx.o(i.SystemInit) for SystemInit
    startup_stm32f103xb.o(.text) refers to __main.o(!!!main) for __main
    startup_stm32f103xb.o(.text) refers to startup_stm32f103xb.o(HEAP) for Heap_Mem
    startup_stm32f103xb.o(.text) refers to startup_stm32f103xb.o(STACK) for Stack_Mem
    main.o(i.CLI_Task) refers to response_ci.o(i.response_print) for response_print
    main.o(i.CLI_Task) refers to uart.o(i.uart_handle) for uart_handle
    main.o(i.CLI_Task) refers to tasks.o(i.vTaskDelay) for vTaskDelay
    main.o(i.HAL_TIM_PeriodElapsedCallback) refers to stm32f1xx_hal.o(i.HAL_IncTick) for HAL_IncTick
    main.o(i.HAL_UART_RxCpltCallback) refers to uart.o(i.recv_data) for recv_data
    main.o(i.HAL_UART_RxCpltCallback) refers to stm32f1xx_hal_uart.o(i.HAL_UART_Receive_IT) for HAL_UART_Receive_IT
    main.o(i.HAL_UART_RxCpltCallback) refers to main.o(.bss) for .bss
    main.o(i.HAL_UART_RxCpltCallback) refers to main.o(.data) for .data
    main.o(i.MX_ADC1_Init) refers to stm32f1xx_hal_adc.o(i.HAL_ADC_Init) for HAL_ADC_Init
    main.o(i.MX_ADC1_Init) refers to stm32f1xx_hal_adc.o(i.HAL_ADC_ConfigChannel) for HAL_ADC_ConfigChannel
    main.o(i.MX_ADC1_Init) refers to main.o(.bss) for .bss
    main.o(i.MX_GPIO_Init) refers to stm32f1xx_hal_gpio.o(i.HAL_GPIO_WritePin) for HAL_GPIO_WritePin
    main.o(i.MX_GPIO_Init) refers to stm32f1xx_hal_gpio.o(i.HAL_GPIO_Init) for HAL_GPIO_Init
    main.o(i.MX_RTC_Init) refers to stm32f1xx_hal_rtc.o(i.HAL_RTC_Init) for HAL_RTC_Init
    main.o(i.MX_RTC_Init) refers to stm32f1xx_hal_rtc.o(i.HAL_RTC_SetTime) for HAL_RTC_SetTime
    main.o(i.MX_RTC_Init) refers to stm32f1xx_hal_rtc.o(i.HAL_RTC_SetDate) for HAL_RTC_SetDate
    main.o(i.MX_RTC_Init) refers to main.o(.bss) for .bss
    main.o(i.MX_RTC_Setup) refers to stm32f1xx_hal_rtc.o(i.HAL_RTC_Init) for HAL_RTC_Init
    main.o(i.MX_RTC_Setup) refers to stm32f1xx_hal_rtc.o(i.HAL_RTC_SetTime) for HAL_RTC_SetTime
    main.o(i.MX_RTC_Setup) refers to stm32f1xx_hal_rtc.o(i.HAL_RTC_SetDate) for HAL_RTC_SetDate
    main.o(i.MX_RTC_Setup) refers to main.o(.bss) for .bss
    main.o(i.MX_RTC_Setup) refers to main.o(.data) for .data
    main.o(i.OTA_Task) refers to tasks.o(i.vTaskSuspend) for vTaskSuspend
    main.o(i.SensingTask) refers to main.o(i.MX_RTC_Setup) for MX_RTC_Setup
    main.o(i.SensingTask) refers to sht2x.o(i.SHT2x_GetTemperature) for SHT2x_GetTemperature
    main.o(i.SensingTask) refers to sht2x.o(i.SHT2x_GetInteger) for SHT2x_GetInteger
    main.o(i.SensingTask) refers to stm32f1xx_hal_rtc.o(i.HAL_RTC_GetTime) for HAL_RTC_GetTime
    main.o(i.SensingTask) refers to stm32f1xx_hal_rtc.o(i.HAL_RTC_GetDate) for HAL_RTC_GetDate
    main.o(i.SensingTask) refers to convert_timestamp.o(i.unix_time_in_seconds) for unix_time_in_seconds
    main.o(i.SensingTask) refers to stm32f1xx_hal_gpio.o(i.HAL_GPIO_WritePin) for HAL_GPIO_WritePin
    main.o(i.SensingTask) refers to tasks.o(i.vTaskDelay) for vTaskDelay
    main.o(i.SensingTask) refers to sender.o(i.send_data) for send_data
[...]
    __rt_lib_shutdown_cpp_1                  0x08004213   Thumb Code     0  libshutdown2.o(.ARM.Collect$$libshutdown$$00000004)
    __rt_lib_shutdown_fini_1                 0x08004213   Thumb Code     0  libshutdown2.o(.ARM.Collect$$libshutdown$$00000002)
    __rt_lib_shutdown_fp_trap_1              0x08004213   Thumb Code     0  libshutdown2.o(.ARM.Collect$$libshutdown$$00000009)
    __rt_lib_shutdown_heap_1                 0x08004213   Thumb Code     0  libshutdown2.o(.ARM.Collect$$libshutdown$$00000011)
    __rt_lib_shutdown_return                 0x08004213   Thumb Code     0  libshutdown2.o(.ARM.Collect$$libshutdown$$00000012)
    __rt_lib_shutdown_signal_1               0x08004213   Thumb Code     0  libshutdown2.o(.ARM.Collect$$libshutdown$$0000000C)
    __rt_lib_shutdown_stdio_1                0x08004213   Thumb Code     0  libshutdown2.o(.ARM.Collect$$libshutdown$$00000006)
    __rt_lib_shutdown_user_alloc_1           0x08004213   Thumb Code     0  libshutdown2.o(.ARM.Collect$$libshutdown$$0000000E)
    __rt_entry                               0x08004215   Thumb Code     0  __rtentry.o(.ARM.Collect$$rtentry$$00000000)
    __rt_entry_presh_1                       0x08004215   Thumb Code     0  __rtentry2.o(.ARM.Collect$$rtentry$$00000002)
    __rt_entry_sh                            0x08004215   Thumb Code     0  __rtentry4.o(.ARM.Collect$$rtentry$$00000004)
    __rt_entry_li                            0x0800421b   Thumb Code     0  __rtentry2.o(.ARM.Collect$$rtentry$$0000000A)
    __rt_entry_postsh_1                      0x0800421b   Thumb Code     0  __rtentry2.o(.ARM.Collect$$rtentry$$00000009)
    __rt_entry_main                          0x0800421f   Thumb Code     0  __rtentry2.o(.ARM.Collect$$rtentry$$0000000D)
    __rt_entry_postli_1                      0x0800421f   Thumb Code     0  __rtentry2.o(.ARM.Collect$$rtentry$$0000000C)
    __rt_exit                                0x08004227   Thumb Code     0  rtexit.o(.ARM.Collect$$rtexit$$00000000)
    __rt_exit_ls                             0x08004229   Thumb Code     0  rtexit2.o(.ARM.Collect$$rtexit$$00000003)
    __rt_exit_prels_1                        0x08004229   Thumb Code     0  rtexit2.o(.ARM.Collect$$rtexit$$00000002)
    __rt_exit_exit                           0x0800422d   Thumb Code     0  rtexit2.o(.ARM.Collect$$rtexit$$00000004)
    SVC_Handler                              0x08004235   Thumb Code    32  port.o(.emb_text)
    __asm___6_port_c_39a90d8d__prvStartFirstTask 0x08004259   Thumb Code    28  port.o(.emb_text)
    PendSV_Handler                           0x08004279   Thumb Code    72  port.o(.emb_text)
    vPortGetIPSR                             0x080042c5   Thumb Code     6  port.o(.emb_text)
    Reset_Handler                            0x080042cd   Thumb Code     8  startup_stm32f103xb.o(.text)
    ADC1_2_IRQHandler                        0x080042e7   Thumb Code     0  startup_stm32f103xb.o(.text)
    CAN1_RX1_IRQHandler                      0x080042e7   Thumb Code     0  startup_stm32f103xb.o(.text)
    CAN1_SCE_IRQHandler                      0x080042e7   Thumb Code     0  startup_stm32f103xb.o(.text)
    DMA1_Channel1_IRQHandler                 0x080042e7   Thumb Code     0  startup_stm32f103xb.o(.text)
    DMA1_Channel2_IRQHandler                 0x080042e7   Thumb Code     0  startup_stm32f103xb.o(.text)
    DMA1_Channel3_IRQHandler                 0x080042e7   Thumb Code     0  startup_stm32f103xb.o(.text)
    DMA1_Channel4_IRQHandler                 0x080042e7   Thumb Code     0  startup_stm32f103xb.o(.text)
    DMA1_Channel5_IRQHandler                 0x080042e7   Thumb Code     0  startup_stm32f103xb.o(.text)
    DMA1_Channel6_IRQHandler                 0x080042e7   Thumb Code     0  startup_stm32f103xb.o(.text)
    DMA1_Channel7_IRQHandler                 0x080042e7   Thumb Code     0  startup_stm32f103xb.o(.text)
    EXTI0_IRQHandler                         0x080042e7   Thumb Code     0  startup_stm32f103xb.o(.text)
    EXTI15_10_IRQHandler                     0x080042e7   Thumb Code     0  startup_stm32f103xb.o(.text)
    EXTI1_IRQHandler                         0x080042e7   Thumb Code     0  startup_stm32f103xb.o(.text)
    EXTI2_IRQHandler                         0x080042e7   Thumb Code     0  startup_stm32f103xb.o(.text)
    EXTI3_IRQHandler                         0x080042e7   Thumb Code     0  startup_stm32f103xb.o(.text)
    EXTI4_IRQHandler                         0x080042e7   Thumb Code     0  startup_stm32f103xb.o(.text)
    EXTI9_5_IRQHandler                       0x080042e7   Thumb Code     0  startup_stm32f103xb.o(.text)
    FLASH_IRQHandler                         0x080042e7   Thumb Code     0  startup_stm32f103xb.o(.text)
    I2C1_ER_IRQHandler                       0x080042e7   Thumb Code     0  startup_stm32f103xb.o(.text)
    I2C2_ER_IRQHandler                       0x080042e7   Thumb Code     0  startup_stm32f103xb.o(.text)
    I2C2_EV_IRQHandler                       0x080042e7   Thumb Code     0  startup_stm32f103xb.o(.text)
    PVD_IRQHandler                           0x080042e7   Thumb Code     0  startup_stm32f103xb.o(.text)
    RCC_IRQHandler                           0x080042e7   Thumb Code     0  startup_stm32f103xb.o(.text)
    RTC_Alarm_IRQHandler                     0x080042e7   Thumb Code     0  startup_stm32f103xb.o(.text)
    RTC_IRQHandler                           0x080042e7   Thumb Code     0  startup_stm32f103xb.o(.text)
    SPI1_IRQHandler                          0x080042e7   Thumb Code     0  startup_stm32f103xb.o(.text)
    SPI2_IRQHandler                          0x080042e7   Thumb Code     0  startup_stm32f103xb.o(.text)
    TAMPER_IRQHandler                        0x080042e7   Thumb Code     0  startup_stm32f103xb.o(.text)
    TIM1_BRK_IRQHandler                      0x080042e7   Thumb Code     0  startup_stm32f103xb.o(.text)
    TIM1_CC_IRQHandler                       0x080042e7   Thumb Code     0  startup_stm32f103xb.o(.text)
    TIM1_TRG_COM_IRQHandler                  0x080042e7   Thumb Code     0  startup_stm32f103xb.o(.text)
    TIM1_UP_IRQHandler                       0x080042e7   Thumb Code     0  startup_stm32f103xb.o(.text)
    TIM2_IRQHandler                          0x080042e7   Thumb Code     0  startup_stm32f103xb.o(.text)
    TIM3_IRQHandler                          0x080042e7   Thumb Code     0  startup_stm32f103xb.o(.text)
    USART3_IRQHandler                        0x080042e7   Thumb Code     0  startup_stm32f103xb.o(.text)
    USBWakeUp_IRQHandler                     0x080042e7   Thumb Code     0  startup_stm32f103xb.o(.text)
    USB_HP_CAN1_TX_IRQHandler                0x080042e7   Thumb Code     0  startup_stm32f103xb.o(.text)
    USB_LP_CAN1_RX0_IRQHandler               0x080042e7   Thumb Code     0  startup_stm32f103xb.o(.text)
    WWDG_IRQHandler                          0x080042e7   Thumb Code     0  startup_stm32f103xb.o(.text)
    __user_initial_stackheap                 0x080042e9   Thumb Code     0  startup_stm32f103xb.o(.text)
    vsprintf                                 0x0800430d   Thumb Code    32  vsprintf.o(.text)
    __2sprintf                               0x08004331   Thumb Code    38  __2sprintf.o(.text)
    _printf_int_dec                          0x0800435d   Thumb Code   104  _printf_dec.o(.text)
    __printf                                 0x080043d5   Thumb Code   388  __printf_flags_ss_wp.o(.text)
    atoi                                     0x0800455d   Thumb Code    26  atoi.o(.text)
    strtok                                   0x08004579   Thumb Code     6  strtok.o(.text)
    strlen                                   0x08004585   Thumb Code    62  strlen.o(.text)
    __aeabi_memcpy4                          0x080045c3   Thumb Code     0  rt_memcpy_w.o(.text)
    __aeabi_memcpy8                          0x080045c3   Thumb Code     0  rt_memcpy_w.o(.text)
    __rt_memcpy_w                            0x080045c3   Thumb Code   100  rt_memcpy_w.o(.text)
    _memcpy_lastbytes_aligned                0x0800460b   Thumb Code     0  rt_memcpy_w.o(.text)
    __aeabi_memclr4                          0x08004627   Thumb Code     0  rt_memclr_w.o(.text)
    __aeabi_memclr8                          0x08004627   Thumb Code     0  rt_memclr_w.o(.text)
    __rt_memclr_w                            0x08004627   Thumb Code    78  rt_memclr_w.o(.text)
    _memset_w                                0x0800462b   Thumb Code     0  rt_memclr_w.o(.text)
    strcmp                                   0x08004675   Thumb Code   128  strcmpv7m.o(.text)
    __use_two_region_memory                  0x080046f5   Thumb Code     2  heapauxi.o(.text)
    __rt_heap_escrow$2region                 0x080046f7   Thumb Code     2  heapauxi.o(.text)
    __rt_heap_expand$2region                 0x080046f9   Thumb Code     2  heapauxi.o(.text)
    __aeabi_errno_addr                       0x080046fd   Thumb Code     8  rt_errno_addr_intlibspace.o(.text)
    __errno$intlibspace                      0x080046fd   Thumb Code     0  rt_errno_addr_intlibspace.o(.text)
    __rt_errno_addr$intlibspace              0x080046fd   Thumb Code     0  rt_errno_addr_intlibspace.o(.text)
    _printf_pre_padding                      0x08004705   Thumb Code    44  _printf_pad.o(.text)
    _printf_post_padding                     0x08004731   Thumb Code    34  _printf_pad.o(.text)
    _printf_truncate_signed                  0x08004753   Thumb Code    18  _printf_truncate.o(.text)
    _printf_truncate_unsigned                0x08004765   Thumb Code    18  _printf_truncate.o(.text)
    _printf_str                              0x08004777   Thumb Code    82  _printf_str.o(.text)
    _printf_int_common                       0x080047c9   Thumb Code   178  _printf_intcommon.o(.text)
    _printf_charcount                        0x0800487b   Thumb Code    40  _printf_charcount.o(.text)
    _printf_char_common                      0x080048af   Thumb Code    32  _printf_char_common.o(.text)
    _sputc                                   0x080048d5   Thumb Code    10  _sputc.o(.text)
    _printf_wctomb                           0x080048e1   Thumb Code   182  _printf_wctomb.o(.text)
    _printf_longlong_dec                     0x0800499d   Thumb Code   108  _printf_longlong_dec.o(.text)
    _printf_longlong_oct                     0x08004a19   Thumb Code    66  _printf_oct_int_ll.o(.text)
    _printf_int_oct                          0x08004a5b   Thumb Code    24  _printf_oct_int_ll.o(.text)
    _printf_ll_oct                           0x08004a73   Thumb Code    12  _printf_oct_int_ll.o(.text)
    _printf_longlong_hex                     0x08004a89   Thumb Code    86  _printf_hex_int_ll_ptr.o(.text)
    _printf_int_hex                          0x08004adf   Thumb Code    28  _printf_hex_int_ll_ptr.o(.text)
    _printf_ll_hex                           0x08004afb   Thumb Code    12  _printf_hex_int_ll_ptr.o(.text)
    _printf_hex_ptr                          0x08004b07   Thumb Code    18  _printf_hex_int_ll_ptr.o(.text)
    strtol                                   0x08004b1d   Thumb Code   112  strtol.o(.text)
    __strtok_internal                        0x08004b8d   Thumb Code    64  strtok_int.o(.text)
    __user_libspace                          0x08004bd1   Thumb Code     8  libspace.o(.text)
    __user_perproc_libspace                  0x08004bd1   Thumb Code     0  libspace.o(.text)
    __user_perthread_libspace                0x08004bd1   Thumb Code     0  libspace.o(.text)
    __rt_ctype_table                         0x08004bd9   Thumb Code    16  rt_ctype_table.o(.text)
    _ll_udiv10                               0x08004be9   Thumb Code   138  lludiv10.o(.text)
    __lib_sel_fp_printf                      0x08004c73   Thumb Code     2  _printf_fp_dec.o(.text)
    _printf_fp_dec_real                      0x08004e25   Thumb Code   620  _printf_fp_dec.o(.text)
    _printf_fp_hex_real                      0x08005091   Thumb Code   756  _printf_fp_hex.o(.text)
    _printf_cs_common                        0x0800538d   Thumb Code    20  _printf_char.o(.text)
    _printf_char                             0x080053a1   Thumb Code    16  _printf_char.o(.text)
    _printf_string                           0x080053b1   Thumb Code     8  _printf_char.o(.text)
    _printf_lcs_common                       0x080053b9   Thumb Code    20  _printf_wchar.o(.text)
    _printf_wchar                            0x080053cd   Thumb Code    16  _printf_wchar.o(.text)
    _printf_wstring                          0x080053dd   Thumb Code     8  _printf_wchar.o(.text)
    _strtoul                                 0x080053e5   Thumb Code   158  _strtoul.o(.text)
    _wcrtomb                                 0x08005483   Thumb Code    64  _wcrtomb.o(.text)
    strcspn                                  0x080054c3   Thumb Code    32  strcspn.o(.text)
    strspn                                   0x080054e3   Thumb Code    28  strspn.o(.text)
    __user_setup_stackheap                   0x080054ff   Thumb Code    74  sys_stackheap_outer.o(.text)
    __rt_locale                              0x08005549   Thumb Code     8  rt_locale_intlibspace.o(.text)
    _printf_fp_infnan                        0x08005551   Thumb Code   112  _printf_fp_infnan.o(.text)
    _chval                                   0x080055d1   Thumb Code    28  _chval.o(.text)
    _btod_etento                             0x080055ed   Thumb Code   224  bigflt0.o(.text)
    exit                                     0x080056d1   Thumb Code    18  exit.o(.text)
    _sys_exit                                0x080056e5   Thumb Code     8  sys_exit.o(.text)
    __I$use$semihosting                      0x080056f1   Thumb Code     0  use_no_semi.o(.text)
    __use_no_semihosting_swi                 0x080056f1   Thumb Code     2  use_no_semi.o(.text)
    __semihosting_library_function           0x080056f3   Thumb Code     0  indicate_semi.o(.text)
    _btod_d2e                                0x080056f3   Thumb Code    62  btod.o(CL$$btod_d2e)
    _d2e_denorm_low                          0x08005731   Thumb Code    70  btod.o(CL$$btod_d2e_denorm_low)
    _d2e_norm_op1                            0x08005777   Thumb Code    96  btod.o(CL$$btod_d2e_norm_op1)
    __btod_div_common                        0x080057d7   Thumb Code   696  btod.o(CL$$btod_div_common)
    _e2e                                     0x08005b0f   Thumb Code   220  btod.o(CL$$btod_e2e)
    _btod_ediv                               0x08005beb   Thumb Code    42  btod.o(CL$$btod_ediv)
    _btod_emul                               0x08005c15   Thumb Code    42  btod.o(CL$$btod_emul)
    __btod_mult_common                       0x08005c3f   Thumb Code   580  btod.o(CL$$btod_mult_common)
    ADC_ConversionStop_Disable               0x08005e85   Thumb Code    86  stm32f1xx_hal_adc.o(i.ADC_ConversionStop_Disable)
    BusFault_Handler                         0x08005edb   Thumb Code     2  stm32f1xx_it.o(i.BusFault_Handler)
    CLI_Task                                 0x08005edd   Thumb Code    20  main.o(i.CLI_Task)
    DebugMon_Handler                         0x08005f09   Thumb Code     2  stm32f1xx_it.o(i.DebugMon_Handler)
    HAL_ADC_ConfigChannel                    0x08005f0d   Thumb Code   240  stm32f1xx_hal_adc.o(i.HAL_ADC_ConfigChannel)
    HAL_ADC_Init                             0x08006009   Thumb Code   272  stm32f1xx_hal_adc.o(i.HAL_ADC_Init)
    HAL_ADC_MspInit                          0x08006125   Thumb Code    76  stm32f1xx_hal_msp.o(i.HAL_ADC_MspInit)
    HAL_DMA_Abort                            0x0800617d   Thumb Code    70  stm32f1xx_hal_dma.o(i.HAL_DMA_Abort)
    HAL_DMA_Abort_IT                         0x080061c5   Thumb Code   148  stm32f1xx_hal_dma.o(i.HAL_DMA_Abort_IT)
    HAL_DMA_GetState                         0x0800625d   Thumb Code     6  stm32f1xx_hal_dma.o(i.HAL_DMA_GetState)
    HAL_GPIO_Init                            0x08006265   Thumb Code   446  stm32f1xx_hal_gpio.o(i.HAL_GPIO_Init)
    HAL_GPIO_WritePin                        0x08006445   Thumb Code    10  stm32f1xx_hal_gpio.o(i.HAL_GPIO_WritePin)
    HAL_GetTick                              0x08006451   Thumb Code     6  stm32f1xx_hal.o(i.HAL_GetTick)
    HAL_I2C_AbortCpltCallback                0x0800645d   Thumb Code     2  stm32f1xx_hal_i2c.o(i.HAL_I2C_AbortCpltCallback)
    HAL_I2C_AddrCallback                     0x0800645f   Thumb Code     2  stm32f1xx_hal_i2c.o(i.HAL_I2C_AddrCallback)
    HAL_I2C_EV_IRQHandler                    0x08006461   Thumb Code   560  stm32f1xx_hal_i2c.o(i.HAL_I2C_EV_IRQHandler)
    HAL_I2C_ErrorCallback                    0x08006691   Thumb Code     2  stm32f1xx_hal_i2c.o(i.HAL_I2C_ErrorCallback)
    HAL_I2C_Init                             0x08006695   Thumb Code   376  stm32f1xx_hal_i2c.o(i.HAL_I2C_Init)
    HAL_I2C_ListenCpltCallback               0x0800681d   Thumb Code     2  stm32f1xx_hal_i2c.o(i.HAL_I2C_ListenCpltCallback)
    HAL_I2C_MasterRxCpltCallback             0x0800681f   Thumb Code     2  stm32f1xx_hal_i2c.o(i.HAL_I2C_MasterRxCpltCallback)
    HAL_I2C_MasterTxCpltCallback             0x08006821   Thumb Code     2  stm32f1xx_hal_i2c.o(i.HAL_I2C_MasterTxCpltCallback)
    HAL_I2C_Master_Receive                   0x08006825   Thumb Code   576  stm32f1xx_hal_i2c.o(i.HAL_I2C_Master_Receive)
    HAL_I2C_Master_Transmit                  0x08006a75   Thumb Code   290  stm32f1xx_hal_i2c.o(i.HAL_I2C_Master_Transmit)
    HAL_I2C_MemRxCpltCallback                0x08006ba1   Thumb Code     2  stm32f1xx_hal_i2c.o(i.HAL_I2C_MemRxCpltCallback)
    HAL_I2C_MemTxCpltCallback                0x08006ba3   Thumb Code     2  stm32f1xx_hal_i2c.o(i.HAL_I2C_MemTxCpltCallback)
    HAL_I2C_MspInit                          0x08006ba5   Thumb Code    96  stm32f1xx_hal_msp.o(i.HAL_I2C_MspInit)
    HAL_I2C_SlaveRxCpltCallback              0x08006c11   Thumb Code     2  stm32f1xx_hal_i2c.o(i.HAL_I2C_SlaveRxCpltCallback)
    HAL_I2C_SlaveTxCpltCallback              0x08006c13   Thumb Code     2  stm32f1xx_hal_i2c.o(i.HAL_I2C_SlaveTxCpltCallback)
    HAL_IncTick                              0x08006c15   Thumb Code    12  stm32f1xx_hal.o(i.HAL_IncTick)
    HAL_Init                                 0x08006c25   Thumb Code    32  stm32f1xx_hal.o(i.HAL_Init)
    HAL_InitTick                             0x08006c49   Thumb Code   132  stm32f1xx_hal_timebase_tim.o(i.HAL_InitTick)
    HAL_MspInit                              0x08006ce1   Thumb Code    62  stm32f1xx_hal_msp.o(i.HAL_MspInit)
    HAL_NVIC_EnableIRQ                       0x08006d29   Thumb Code    26  stm32f1xx_hal_cortex.o(i.HAL_NVIC_EnableIRQ)
    HAL_NVIC_SetPriority                     0x08006d45   Thumb Code    60  stm32f1xx_hal_cortex.o(i.HAL_NVIC_SetPriority)
    HAL_NVIC_SetPriorityGrouping             0x08006d85   Thumb Code    26  stm32f1xx_hal_cortex.o(i.HAL_NVIC_SetPriorityGrouping)
    HAL_PWR_EnableBkUpAccess                 0x08006da9   Thumb Code     8  stm32f1xx_hal_pwr.o(i.HAL_PWR_EnableBkUpAccess)
    HAL_RCCEx_GetPeriphCLKFreq               0x08006db5   Thumb Code   148  stm32f1xx_hal_rcc_ex.o(i.HAL_RCCEx_GetPeriphCLKFreq)
    HAL_RCCEx_PeriphCLKConfig                0x08006e59   Thumb Code   224  stm32f1xx_hal_rcc_ex.o(i.HAL_RCCEx_PeriphCLKConfig)
    HAL_RCC_ClockConfig                      0x08006f45   Thumb Code   280  stm32f1xx_hal_rcc.o(i.HAL_RCC_ClockConfig)
    HAL_RCC_GetClockConfig                   0x08007071   Thumb Code    54  stm32f1xx_hal_rcc.o(i.HAL_RCC_GetClockConfig)
    HAL_RCC_GetPCLK1Freq                     0x080070b1   Thumb Code    20  stm32f1xx_hal_rcc.o(i.HAL_RCC_GetPCLK1Freq)
    HAL_RCC_GetPCLK2Freq                     0x080070d1   Thumb Code    20  stm32f1xx_hal_rcc.o(i.HAL_RCC_GetPCLK2Freq)
    HAL_RCC_GetSysClockFreq                  0x080070f1   Thumb Code    58  stm32f1xx_hal_rcc.o(i.HAL_RCC_GetSysClockFreq)
    HAL_RCC_OscConfig                        0x0800713d   Thumb Code   778  stm32f1xx_hal_rcc.o(i.HAL_RCC_OscConfig)
    HAL_RTC_GetDate                          0x0800745d   Thumb Code    78  stm32f1xx_hal_rtc.o(i.HAL_RTC_GetDate)
    HAL_RTC_GetTime                          0x080074ab   Thumb Code   216  stm32f1xx_hal_rtc.o(i.HAL_RTC_GetTime)
    HAL_RTC_Init                             0x08007585   Thumb Code   144  stm32f1xx_hal_rtc.o(i.HAL_RTC_Init)
    HAL_RTC_MspInit                          0x08007619   Thumb Code    40  stm32f1xx_hal_msp.o(i.HAL_RTC_MspInit)
    HAL_RTC_SetDate                          0x0800764d   Thumb Code   192  stm32f1xx_hal_rtc.o(i.HAL_RTC_SetDate)
    HAL_RTC_SetTime                          0x08007711   Thumb Code   168  stm32f1xx_hal_rtc.o(i.HAL_RTC_SetTime)
    HAL_RTC_WaitForSynchro                   0x080077bd   Thumb Code    58  stm32f1xx_hal_rtc.o(i.HAL_RTC_WaitForSynchro)
    HAL_TIMEx_BreakCallback                  0x080077f7   Thumb Code     2  stm32f1xx_hal_tim_ex.o(i.HAL_TIMEx_BreakCallback)
    HAL_TIMEx_CommutCallback                 0x080077f9   Thumb Code     2  stm32f1xx_hal_tim_ex.o(i.HAL_TIMEx_CommutCallback)
    HAL_TIM_Base_Init                        0x080077fb   Thumb Code    90  stm32f1xx_hal_tim.o(i.HAL_TIM_Base_Init)
    HAL_TIM_Base_MspInit                     0x08007855   Thumb Code     2  stm32f1xx_hal_tim.o(i.HAL_TIM_Base_MspInit)
    HAL_TIM_Base_Start_IT                    0x08007859   Thumb Code    76  stm32f1xx_hal_tim.o(i.HAL_TIM_Base_Start_IT)
    HAL_TIM_IC_CaptureCallback               0x080078b1   Thumb Code     2  stm32f1xx_hal_tim.o(i.HAL_TIM_IC_CaptureCallback)
    HAL_TIM_IRQHandler                       0x080078b3   Thumb Code   358  stm32f1xx_hal_tim.o(i.HAL_TIM_IRQHandler)
    HAL_TIM_OC_DelayElapsedCallback          0x08007a19   Thumb Code     2  stm32f1xx_hal_tim.o(i.HAL_TIM_OC_DelayElapsedCallback)
    HAL_TIM_PWM_PulseFinishedCallback        0x08007a1b   Thumb Code     2  stm32f1xx_hal_tim.o(i.HAL_TIM_PWM_PulseFinishedCallback)
    HAL_TIM_PeriodElapsedCallback            0x08007a1d   Thumb Code    14  main.o(i.HAL_TIM_PeriodElapsedCallback)
    HAL_TIM_TriggerCallback                  0x08007a31   Thumb Code     2  stm32f1xx_hal_tim.o(i.HAL_TIM_TriggerCallback)
    HAL_UARTEx_RxEventCallback               0x08007a33   Thumb Code     2  stm32f1xx_hal_uart.o(i.HAL_UARTEx_RxEventCallback)
    HAL_UART_ErrorCallback                   0x08007a35   Thumb Code     2  stm32f1xx_hal_uart.o(i.HAL_UART_ErrorCallback)
    HAL_UART_IRQHandler                      0x08007a39   Thumb Code   616  stm32f1xx_hal_uart.o(i.HAL_UART_IRQHandler)
    HAL_UART_Init                            0x08007ca5   Thumb Code   100  stm32f1xx_hal_uart.o(i.HAL_UART_Init)
    HAL_UART_MspInit                         0x08007d09   Thumb Code   198  stm32f1xx_hal_msp.o(i.HAL_UART_MspInit)
    HAL_UART_Receive_IT                      0x08007de1   Thumb Code    28  stm32f1xx_hal_uart.o(i.HAL_UART_Receive_IT)
    HAL_UART_RxCpltCallback                  0x08007dfd   Thumb Code    38  main.o(i.HAL_UART_RxCpltCallback)
    HAL_UART_Transmit                        0x08007e2d   Thumb Code   154  stm32f1xx_hal_uart.o(i.HAL_UART_Transmit)
    HAL_UART_TxCpltCallback                  0x08007ec7   Thumb Code     2  stm32f1xx_hal_uart.o(i.HAL_UART_TxCpltCallback)
    HardFault_Handler                        0x08007ec9   Thumb Code     2  stm32f1xx_it.o(i.HardFault_Handler)
    I2C1_EV_IRQHandler                       0x08007ecd   Thumb Code     6  stm32f1xx_it.o(i.I2C1_EV_IRQHandler)
    MX_RTC_Setup                             0x08008de5   Thumb Code   116  main.o(i.MX_RTC_Setup)
    MemManage_Handler                        0x08008e65   Thumb Code     2  stm32f1xx_it.o(i.MemManage_Handler)
    NMI_Handler                              0x08008e67   Thumb Code     2  stm32f1xx_it.o(i.NMI_Handler)
    OTA_Task                                 0x08008e69   Thumb Code     8  main.o(i.OTA_Task)
    SHT2x_GetInteger                         0x08009087   Thumb Code     4  sht2x.o(i.SHT2x_GetInteger)
    SHT2x_GetRaw                             0x0800908d   Thumb Code    50  sht2x.o(i.SHT2x_GetRaw)
    SHT2x_GetTemperature                     0x080090c5   Thumb Code    50  sht2x.o(i.SHT2x_GetTemperature)
    SHT2x_Init                               0x08009109   Thumb Code     6  sht2x.o(i.SHT2x_Init)
    SHT2x_ReadUserReg                        0x08009115   Thumb Code    48  sht2x.o(i.SHT2x_ReadUserReg)
    SHT2x_SetResolution                      0x08009149   Thumb Code    46  sht2x.o(i.SHT2x_SetResolution)
    SensingTask                              0x08009181   Thumb Code   216  main.o(i.SensingTask)
    StartDefaultTask                         0x08009269   Thumb Code    20  main.o(i.StartDefaultTask)
    SysTick_Handler                          0x08009295   Thumb Code    38  port.o(i.SysTick_Handler)
    SystemClock_Config                       0x080092c1   Thumb Code   134  main.o(i.SystemClock_Config)
    SystemInit                               0x08009347   Thumb Code     2  system_stm32f1xx.o(i.SystemInit)
    TIM4_IRQHandler                          0x08009349   Thumb Code     6  stm32f1xx_it.o(i.TIM4_IRQHandler)
    TIM_Base_SetConfig                       0x08009355   Thumb Code    94  stm32f1xx_hal_tim.o(i.TIM_Base_SetConfig)
    UART_Start_Receive_IT                    0x08009599   Thumb Code    54  stm32f1xx_hal_uart.o(i.UART_Start_Receive_IT)
    USART1_IRQHandler                        0x08009649   Thumb Code     6  stm32f1xx_it.o(i.USART1_IRQHandler)
    USART2_IRQHandler                        0x08009655   Thumb Code     6  stm32f1xx_it.o(i.USART2_IRQHandler)
    UsageFault_Handler                       0x08009661   Thumb Code     2  stm32f1xx_it.o(i.UsageFault_Handler)
    __ARM_fpclassify                         0x08009663   Thumb Code    40  fpclassify.o(i.__ARM_fpclassify)
    _is_digit                                0x080096ab   Thumb Code    14  __printf_wp.o(i._is_digit)
    cli_command_excute                       0x080096b9   Thumb Code    72  cli_command.o(i.cli_command_excute)
    find_command_infor                       0x0800972d   Thumb Code    32  cli_command.o(i.find_command_infor)
    gettemperature                           0x08009751   Thumb Code    36  gettemperature_ci.o(i.gettemperature)
    main                                     0x080097dd   Thumb Code   296  main.o(i.main)
    osKernelStart                            0x080099a5   Thumb Code    10  cmsis_os.o(i.osKernelStart)
    osThreadCreate                           0x080099af   Thumb Code    84  cmsis_os.o(i.osThreadCreate)
    pvPortMalloc                             0x08009d49   Thumb Code   210  heap_4.o(i.pvPortMalloc)
    pxPortInitialiseStack                    0x08009e21   Thumb Code    32  port.o(i.pxPortInitialiseStack)
    recv_data                                0x08009e45   Thumb Code    34  uart.o(i.recv_data)
    response_init                            0x08009e71   Thumb Code     6  response_ci.o(i.response_init)
    response_print                           0x08009e7d   Thumb Code    42  response_ci.o(i.response_print)
    send_data                                0x08009ead   Thumb Code    34  sender.o(i.send_data)
    setDateTime                              0x08009ed5   Thumb Code   110  setdatetime_ci.o(i.setDateTime)
    setInforNode                             0x08009fc9   Thumb Code    54  setinfornode_ci.o(i.setInforNode)
    setTemperatureMax                        0x0800a079   Thumb Code    48  settemperature_ci.o(i.setTemperatureMax)
    uart_handle                              0x0800a12d   Thumb Code    26  uart.o(i.uart_handle)
    unix_time_in_seconds                     0x0800a151   Thumb Code   234  convert_timestamp.o(i.unix_time_in_seconds)
    uxListRemove                             0x0800a245   Thumb Code    38  list.o(i.uxListRemove)
    vApplicationGetIdleTaskMemory            0x0800a26d   Thumb Code    16  freertos.o(i.vApplicationGetIdleTaskMemory)
    vListInitialise                          0x0800a281   Thumb Code    22  list.o(i.vListInitialise)
    vListInitialiseItem                      0x0800a297   Thumb Code     6  list.o(i.vListInitialiseItem)
    vListInsert                              0x0800a29d   Thumb Code    48  list.o(i.vListInsert)
    vListInsertEnd                           0x0800a2cd   Thumb Code    24  list.o(i.vListInsertEnd)
    vPortEnterCritical                       0x0800a2e5   Thumb Code    54  port.o(i.vPortEnterCritical)
    vPortExitCritical                        0x0800a325   Thumb Code    34  port.o(i.vPortExitCritical)
    vPortFree                                0x0800a34d   Thumb Code    88  heap_4.o(i.vPortFree)
    vPortSetupTimerInterrupt                 0x0800a3a9   Thumb Code    32  port.o(i.vPortSetupTimerInterrupt)
    vTaskDelay                               0x0800a3cd   Thumb Code    66  tasks.o(i.vTaskDelay)
    vTaskStartScheduler                      0x0800a419   Thumb Code    90  tasks.o(i.vTaskStartScheduler)
    vTaskSuspend                             0x0800a485   Thumb Code   174  tasks.o(i.vTaskSuspend)
    vTaskSuspendAll                          0x0800a541   Thumb Code    10  tasks.o(i.vTaskSuspendAll)
    vTaskSwitchContext                       0x0800a551   Thumb Code    82  tasks.o(i.vTaskSwitchContext)
    xPortStartScheduler                      0x0800a5ad   Thumb Code   154  port.o(i.xPortStartScheduler)
    xTaskCreate                              0x0800a655   Thumb Code    90  tasks.o(i.xTaskCreate)
    xTaskCreateStatic                        0x0800a6af   Thumb Code    86  tasks.o(i.xTaskCreateStatic)
    xTaskIncrementTick                       0x0800a705   Thumb Code   192  tasks.o(i.xTaskIncrementTick)
    xTaskResumeAll                           0x0800a7cd   Thumb Code   182  tasks.o(i.xTaskResumeAll)
    _get_lc_ctype                            0x0800a891   Thumb Code    44  lc_ctype_c.o(locale$$code)
    _get_lc_numeric                          0x0800a8bd   Thumb Code    44  lc_numeric_c.o(locale$$code)
    __aeabi_d2f                              0x0800a8e9   Thumb Code     0  d2f.o(x$fpl$d2f)
    _d2f                                     0x0800a8e9   Thumb Code    98  d2f.o(x$fpl$d2f)
    __aeabi_dadd                             0x0800a94d   Thumb Code     0  daddsub_clz.o(x$fpl$dadd)
    _dadd                                    0x0800a94d   Thumb Code   332  daddsub_clz.o(x$fpl$dadd)
    __fpl_dcheck_NaN1                        0x0800aa9d   Thumb Code    10  dcheck1.o(x$fpl$dcheck1)
    __aeabi_ui2d                             0x0800aaad   Thumb Code     0  dflt_clz.o(x$fpl$dfltu)
    _dfltu                                   0x0800aaad   Thumb Code    38  dflt_clz.o(x$fpl$dfltu)
    __aeabi_dmul                             0x0800aad5   Thumb Code     0  dmul.o(x$fpl$dmul)
    _dmul                                    0x0800aad5   Thumb Code   332  dmul.o(x$fpl$dmul)
    __fpl_dnaninf                            0x0800ac29   Thumb Code   156  dnaninf.o(x$fpl$dnaninf)
    __fpl_dretinf                            0x0800acc5   Thumb Code    12  dretinf.o(x$fpl$dretinf)
    __aeabi_dsub                             0x0800acd1   Thumb Code     0  daddsub_clz.o(x$fpl$dsub)
    _dsub                                    0x0800acd1   Thumb Code   464  daddsub_clz.o(x$fpl$dsub)
    __aeabi_f2iz                             0x0800aea5   Thumb Code     0  ffix.o(x$fpl$ffix)
    _ffix                                    0x0800aea5   Thumb Code    54  ffix.o(x$fpl$ffix)
    __fpl_fnaninf                            0x0800aedb   Thumb Code   140  fnaninf.o(x$fpl$fnaninf)
    __fpl_fretinf                            0x0800af67   Thumb Code    10  fretinf.o(x$fpl$fretinf)
    _printf_fp_dec                           0x0800af71   Thumb Code     4  printf1.o(x$fpl$printf1)
    _printf_fp_hex                           0x0800af75   Thumb Code     4  printf2.o(x$fpl$printf2)
    __fpl_return_NaN                         0x0800af79   Thumb Code   100  retnan.o(x$fpl$retnan)
    __ARM_scalbn                             0x0800afdd   Thumb Code    92  scalbn.o(x$fpl$scalbn)
    __fpl_cmpreturn                          0x0800b039   Thumb Code    48  trapv.o(x$fpl$trapveneer)
    __I$use$fp                               0x0800b068   Number         0  usenofp.o(x$fpl$usenofp)
    AHBPrescTable                            0x0800b0a8   Data          16  system_stm32f1xx.o(.constdata)
    APBPrescTable                            0x0800b0b8   Data           8  system_stm32f1xx.o(.constdata)
    command_info_gettemp                     0x0800b0c0   Data           8  cli_command_table.o(.constdata)
    command_info_settemp_max                 0x0800b0c8   Data           8  cli_command_table.o(.constdata)
    command_info_setdate_time                0x0800b0d0   Data           8  cli_command_table.o(.constdata)
    command_info_set_infor_node              0x0800b0d8   Data           8  cli_command_table.o(.constdata)
    command_entry_talbe                      0x0800b0e0   Data          40  cli_command_table.o(.constdata)
    Region$$Table$$Base                      0x0800b30c   Number         0  anon$$obj.o(Region$$Table)
    Region$$Table$$Limit                     0x0800b32c   Number         0  anon$$obj.o(Region$$Table)
    __ctype                                  0x0800b339   Data           0  lc_ctype_c.o(locale$$data)
    SECOND                                   0x20000000   Data           1  main.o(.data)
    MINUTE                                   0x20000001   Data           1  main.o(.data)
    HOUR                                     0x20000002   Data           1  main.o(.data)
    WEEKDAY                                  0x20000003   Data           1  main.o(.data)
    MONTH                                    0x20000004   Data           1  main.o(.data)
    YEAR                                     0x20000005   Data           1  main.o(.data)
    DATE                                     0x20000006   Data           1  main.o(.data)
    flag_update_time                         0x20000007   Data           1  main.o(.data)
    temp_threshold                           0x20000008   Data           1  main.o(.data)
    node_id                                  0x20000009   Data           1  main.o(.data)
    x_axis                                   0x2000000a   Data           1  main.o(.data)
    y_axis                                   0x2000000b   Data           1  main.o(.data)
    room_id                                  0x2000000c   Data           1  main.o(.data)
    temp_from_LM35                           0x2000000d   Data           1  main.o(.data)
    sTime                                    0x2000000f   Data           3  main.o(.data)
    defaultTaskHandle                        0x20000014   Data           4  main.o(.data)
    sDate                                    0x20000018   Data           4  main.o(.data)
    real_time                                0x2000001c   Data           4  main.o(.data)
    TaskHanlde_Sensing                       0x20000020   Data           4  main.o(.data)
    TaskHanlde_CLI                           0x20000024   Data           4  main.o(.data)
    TaskHanlde_UpdateFirmware_OTA            0x20000028   Data           4  main.o(.data)
    uwTickFreq                               0x2000002c   Data           1  stm32f1xx_hal.o(.data)
    uwTickPrio                               0x20000030   Data           4  stm32f1xx_hal.o(.data)
    uwTick                                   0x20000034   Data           4  stm32f1xx_hal.o(.data)
    SystemCoreClock                          0x20000038   Data           4  system_stm32f1xx.o(.data)
    pxCurrentTCB                             0x2000003c   Data           4  tasks.o(.data)
    uart_flag                                0x200000a1   Data           1  uart.o(.data)
    _sht2x_ui2c                              0x2000010c   Data           4  sht2x.o(.data)
    hadc1                                    0x20000114   Data          48  main.o(.bss)
    hi2c1                                    0x20000144   Data          84  main.o(.bss)
    hrtc                                     0x20000198   Data          20  main.o(.bss)
    huart1                                   0x200001ac   Data          72  main.o(.bss)
    huart2                                   0x200001f4   Data          72  main.o(.bss)
    htim4                                    0x20000490   Data          72  stm32f1xx_hal_timebase_tim.o(.bss)
    uart_buff                                0x200011c8   Data         100  uart.o(.bss)
    __libspace_start                         0x2000122c   Data          96  libspace.o(.bss)
    __temporary_stack_top$libspace           0x2000128c   Data           0  libspace.o(.bss)



==============================================================================

Memory Map of the image

  Image Entry point : 0x080040ed

  Load Region LR_IROM1 (Base: 0x08004000, Size: 0x0000756c, Max: 0x00010000, ABSOLUTE)

    Execution Region ER_IROM1 (Exec base: 0x08004000, Load base: 0x08004000, Size: 0x00007458, Max: 0x00010000, ABSOLUTE)

    Exec Addr    Load Addr    Size         Type   Attr      Idx    E Section Name        Object

    0x08004000   0x08004000   0x000000ec   Data   RO            3    RESET               startup_stm32f103xb.o
    0x080040ec   0x080040ec   0x00000008   Code   RO         5636  * !!!main             c_w.l(__main.o)
    0x080040f4   0x080040f4   0x00000034   Code   RO         6006    !!!scatter          c_w.l(__scatter.o)
    0x08004128   0x08004128   0x0000001a   Code   RO         6008    !!handler_copy      c_w.l(__scatter_copy.o)
    0x08004142   0x08004142   0x00000002   PAD
    0x08004144   0x08004144   0x0000001c   Code   RO         6010    !!handler_zi        c_w.l(__scatter_zi.o)
    0x08004160   0x08004160   0x00000000   Code   RO         5616    .ARM.Collect$$_printf_percent$$00000000  c_w.l(_printf_percent.o)
    0x08004160   0x08004160   0x00000006   Code   RO         5734    .ARM.Collect$$_printf_percent$$00000001  c_w.l(_printf_n.o)
    0x08004166   0x08004166   0x00000006   Code   RO         5736    .ARM.Collect$$_printf_percent$$00000002  c_w.l(_printf_p.o)
    0x0800416c   0x0800416c   0x00000006   Code   RO         5740    .ARM.Collect$$_printf_percent$$00000003  c_w.l(_printf_f.o)
    0x08004172   0x08004172   0x00000006   Code   RO         5741    .ARM.Collect$$_printf_percent$$00000004  c_w.l(_printf_e.o)
    0x08004178   0x08004178   0x00000006   Code   RO         5742    .ARM.Collect$$_printf_percent$$00000005  c_w.l(_printf_g.o)
    0x0800417e   0x0800417e   0x00000006   Code   RO         5743    .ARM.Collect$$_printf_percent$$00000006  c_w.l(_printf_a.o)
    0x08004184   0x08004184   0x0000000a   Code   RO         5748    .ARM.Collect$$_printf_percent$$00000007  c_w.l(_printf_ll.o)
    0x0800418e   0x0800418e   0x00000006   Code   RO         5738    .ARM.Collect$$_printf_percent$$00000008  c_w.l(_printf_i.o)
    0x08004194   0x08004194   0x00000006   Code   RO         5615    .ARM.Collect$$_printf_percent$$00000009  c_w.l(_printf_d.o)
    0x0800419a   0x0800419a   0x00000006   Code   RO         5739    .ARM.Collect$$_printf_percent$$0000000A  c_w.l(_printf_u.o)
    0x080041a0   0x080041a0   0x00000006   Code   RO         5737    .ARM.Collect$$_printf_percent$$0000000B  c_w.l(_printf_o.o)
    0x080041a6   0x080041a6   0x00000006   Code   RO         5735    .ARM.Collect$$_printf_percent$$0000000C  c_w.l(_printf_x.o)
    0x080041ac   0x080041ac   0x00000006   Code   RO         5745    .ARM.Collect$$_printf_percent$$0000000D  c_w.l(_printf_lli.o)
    0x080041b2   0x080041b2   0x00000006   Code   RO         5746    .ARM.Collect$$_printf_percent$$0000000E  c_w.l(_printf_lld.o)
    0x080041b8   0x080041b8   0x00000006   Code   RO         5747    .ARM.Collect$$_printf_percent$$0000000F  c_w.l(_printf_llu.o)
    0x080041be   0x080041be   0x00000006   Code   RO         5752    .ARM.Collect$$_printf_percent$$00000010  c_w.l(_printf_llo.o)
    0x080041c4   0x080041c4   0x00000006   Code   RO         5753    .ARM.Collect$$_printf_percent$$00000011  c_w.l(_printf_llx.o)
    0x080041ca   0x080041ca   0x0000000a   Code   RO         5749    .ARM.Collect$$_printf_percent$$00000012  c_w.l(_printf_l.o)
    0x080041d4   0x080041d4   0x00000006   Code   RO         5732    .ARM.Collect$$_printf_percent$$00000013  c_w.l(_printf_c.o)
    0x080041da   0x080041da   0x00000006   Code   RO         5733    .ARM.Collect$$_printf_percent$$00000014  c_w.l(_printf_s.o)
    0x080041e0   0x080041e0   0x00000006   Code   RO         5750    .ARM.Collect$$_printf_percent$$00000015  c_w.l(_printf_lc.o)
    0x080041e6   0x080041e6   0x00000006   Code   RO         5751    .ARM.Collect$$_printf_percent$$00000016  c_w.l(_printf_ls.o)
    0x080041ec   0x080041ec   0x00000004   Code   RO         5744    .ARM.Collect$$_printf_percent$$00000017  c_w.l(_printf_percent_end.o)
    0x080041f0   0x080041f0   0x00000002   Code   RO         5871    .ARM.Collect$$libinit$$00000000  c_w.l(libinit.o)
    0x080041f2   0x080041f2   0x00000000   Code   RO         5881    .ARM.Collect$$libinit$$00000002  c_w.l(libinit2.o)
    0x080041f2   0x080041f2   0x00000000   Code   RO         5883    .ARM.Collect$$libinit$$00000004  c_w.l(libinit2.o)
    0x080041f2   0x080041f2   0x00000000   Code   RO         5886    .ARM.Collect$$libinit$$0000000A  c_w.l(libinit2.o)
    0x080041f2   0x080041f2   0x00000000   Code   RO         5888    .ARM.Collect$$libinit$$0000000C  c_w.l(libinit2.o)
    0x080041f2   0x080041f2   0x00000000   Code   RO         5890    .ARM.Collect$$libinit$$0000000E  c_w.l(libinit2.o)
    0x080041f2   0x080041f2   0x00000006   Code   RO         5891    .ARM.Collect$$libinit$$0000000F  c_w.l(libinit2.o)
    0x080041f8   0x080041f8   0x00000000   Code   RO         5893    .ARM.Collect$$libinit$$00000011  c_w.l(libinit2.o)
    0x080041f8   0x080041f8   0x0000000c   Code   RO         5894    .ARM.Collect$$libinit$$00000012  c_w.l(libinit2.o)
    0x08004204   0x08004204   0x00000000   Code   RO         5895    .ARM.Collect$$libinit$$00000013  c_w.l(libinit2.o)
    0x08004204   0x08004204   0x00000000   Code   RO         5897    .ARM.Collect$$libinit$$00000015  c_w.l(libinit2.o)
    0x08004204   0x08004204   0x0000000a   Code   RO         5898    .ARM.Collect$$libinit$$00000016  c_w.l(libinit2.o)
    0x0800420e   0x0800420e   0x00000000   Code   RO         5899    .ARM.Collect$$libinit$$00000017  c_w.l(libinit2.o)
    0x0800420e   0x0800420e   0x00000000   Code   RO         5901    .ARM.Collect$$libinit$$00000019  c_w.l(libinit2.o)
    0x0800420e   0x0800420e   0x00000000   Code   RO         5903    .ARM.Collect$$libinit$$0000001B  c_w.l(libinit2.o)
    0x0800420e   0x0800420e   0x00000000   Code   RO         5905    .ARM.Collect$$libinit$$0000001D  c_w.l(libinit2.o)
    0x0800420e   0x0800420e   0x00000000   Code   RO         5907    .ARM.Collect$$libinit$$0000001F  c_w.l(libinit2.o)
    0x0800420e   0x0800420e   0x00000000   Code   RO         5909    .ARM.Collect$$libinit$$00000021  c_w.l(libinit2.o)
    0x0800420e   0x0800420e   0x00000000   Code   RO         5911    .ARM.Collect$$libinit$$00000023  c_w.l(libinit2.o)
    0x0800420e   0x0800420e   0x00000000   Code   RO         5913    .ARM.Collect$$libinit$$00000025  c_w.l(libinit2.o)
    0x0800420e   0x0800420e   0x00000000   Code   RO         5917    .ARM.Collect$$libinit$$0000002C  c_w.l(libinit2.o)
    0x0800420e   0x0800420e   0x00000000   Code   RO         5919    .ARM.Collect$$libinit$$0000002E  c_w.l(libinit2.o)
    0x0800420e   0x0800420e   0x00000000   Code   RO         5921    .ARM.Collect$$libinit$$00000030  c_w.l(libinit2.o)
    0x0800420e   0x0800420e   0x00000000   Code   RO         5923    .ARM.Collect$$libinit$$00000032  c_w.l(libinit2.o)
    0x0800420e   0x0800420e   0x00000002   Code   RO         5924    .ARM.Collect$$libinit$$00000033  c_w.l(libinit2.o)
    0x08004210   0x08004210   0x00000002   Code   RO         5944    .ARM.Collect$$libshutdown$$00000000  c_w.l(libshutdown.o)
    0x08004212   0x08004212   0x00000000   Code   RO         5957    .ARM.Collect$$libshutdown$$00000002  c_w.l(libshutdown2.o)
    0x08004212   0x08004212   0x00000000   Code   RO         5959    .ARM.Collect$$libshutdown$$00000004  c_w.l(libshutdown2.o)
    0x08004212   0x08004212   0x00000000   Code   RO         5961    .ARM.Collect$$libshutdown$$00000006  c_w.l(libshutdown2.o)
    0x08004212   0x08004212   0x00000000   Code   RO         5964    .ARM.Collect$$libshutdown$$00000009  c_w.l(libshutdown2.o)
    0x08004212   0x08004212   0x00000000   Code   RO         5967    .ARM.Collect$$libshutdown$$0000000C  c_w.l(libshutdown2.o)
    0x08004212   0x08004212   0x00000000   Code   RO         5969    .ARM.Collect$$libshutdown$$0000000E  c_w.l(libshutdown2.o)
    0x08004212   0x08004212   0x00000000   Code   RO         5972    .ARM.Collect$$libshutdown$$00000011  c_w.l(libshutdown2.o)
    0x08004212   0x08004212   0x00000002   Code   RO         5973    .ARM.Collect$$libshutdown$$00000012  c_w.l(libshutdown2.o)
    0x08004214   0x08004214   0x00000000   Code   RO         5680    .ARM.Collect$$rtentry$$00000000  c_w.l(__rtentry.o)
    0x08004214   0x08004214   0x00000000   Code   RO         5783    .ARM.Collect$$rtentry$$00000002  c_w.l(__rtentry2.o)
    0x08004214   0x08004214   0x00000006   Code   RO         5795    .ARM.Collect$$rtentry$$00000004  c_w.l(__rtentry4.o)
    0x0800421a   0x0800421a   0x00000000   Code   RO         5785    .ARM.Collect$$rtentry$$00000009  c_w.l(__rtentry2.o)
    0x0800421a   0x0800421a   0x00000004   Code   RO         5786    .ARM.Collect$$rtentry$$0000000A  c_w.l(__rtentry2.o)
    0x0800421e   0x0800421e   0x00000000   Code   RO         5788    .ARM.Collect$$rtentry$$0000000C  c_w.l(__rtentry2.o)
    0x0800421e   0x0800421e   0x00000008   Code   RO         5789    .ARM.Collect$$rtentry$$0000000D  c_w.l(__rtentry2.o)
    0x08004226   0x08004226   0x00000002   Code   RO         5878    .ARM.Collect$$rtexit$$00000000  c_w.l(rtexit.o)
    0x08004228   0x08004228   0x00000000   Code   RO         5926    .ARM.Collect$$rtexit$$00000002  c_w.l(rtexit2.o)
    0x08004228   0x08004228   0x00000004   Code   RO         5927    .ARM.Collect$$rtexit$$00000003  c_w.l(rtexit2.o)
    0x0800422c   0x0800422c   0x00000006   Code   RO         5928    .ARM.Collect$$rtexit$$00000004  c_w.l(rtexit2.o)
    0x08004232   0x08004232   0x00000002   PAD
    0x08004234   0x08004234   0x00000096   Code   RO         5065    .emb_text           port.o
    0x080042ca   0x080042ca   0x00000002   PAD
    0x080042cc   0x080042cc   0x00000040   Code   RO            4    .text               startup_stm32f103xb.o
    0x0800430c   0x0800430c   0x00000024   Code   RO         5585    .text               c_w.l(vsprintf.o)
    0x08004330   0x08004330   0x0000002c   Code   RO         5587    .text               c_w.l(__2sprintf.o)
    0x0800435c   0x0800435c   0x00000078   Code   RO         5593    .text               c_w.l(_printf_dec.o)
    0x080043d4   0x080043d4   0x00000188   Code   RO         5612    .text               c_w.l(__printf_flags_ss_wp.o)
    0x0800455c   0x0800455c   0x0000001a   Code   RO         5617    .text               c_w.l(atoi.o)
    0x08004576   0x08004576   0x00000002   PAD
    0x08004578   0x08004578   0x0000000c   Code   RO         5619    .text               c_w.l(strtok.o)
    0x08004584   0x08004584   0x0000003e   Code   RO         5622    .text               c_w.l(strlen.o)
    0x080045c2   0x080045c2   0x00000064   Code   RO         5626    .text               c_w.l(rt_memcpy_w.o)
    0x08004626   0x08004626   0x0000004e   Code   RO         5630    .text               c_w.l(rt_memclr_w.o)
    0x08004674   0x08004674   0x00000080   Code   RO         5632    .text               c_w.l(strcmpv7m.o)
    0x080046f4   0x080046f4   0x00000006   Code   RO         5634    .text               c_w.l(heapauxi.o)
    0x080046fa   0x080046fa   0x00000002   PAD
    0x080046fc   0x080046fc   0x00000008   Code   RO         5684    .text               c_w.l(rt_errno_addr_intlibspace.o)
    0x08004704   0x08004704   0x0000004e   Code   RO         5686    .text               c_w.l(_printf_pad.o)
    0x08004752   0x08004752   0x00000024   Code   RO         5688    .text               c_w.l(_printf_truncate.o)
    0x08004776   0x08004776   0x00000052   Code   RO         5690    .text               c_w.l(_printf_str.o)
    0x080047c8   0x080047c8   0x000000b2   Code   RO         5692    .text               c_w.l(_printf_intcommon.o)
    0x0800487a   0x0800487a   0x00000028   Code   RO         5694    .text               c_w.l(_printf_charcount.o)
    0x080048a2   0x080048a2   0x00000002   PAD
    0x080048a4   0x080048a4   0x00000030   Code   RO         5696    .text               c_w.l(_printf_char_common.o)
    0x080048d4   0x080048d4   0x0000000a   Code   RO         5698    .text               c_w.l(_sputc.o)
    0x080048de   0x080048de   0x00000002   PAD
    0x080048e0   0x080048e0   0x000000bc   Code   RO         5700    .text               c_w.l(_printf_wctomb.o)
    0x0800499c   0x0800499c   0x0000007c   Code   RO         5703    .text               c_w.l(_printf_longlong_dec.o)
    0x08004a18   0x08004a18   0x00000070   Code   RO         5709    .text               c_w.l(_printf_oct_int_ll.o)
    0x08004a88   0x08004a88   0x00000094   Code   RO         5729    .text               c_w.l(_printf_hex_int_ll_ptr.o)
    0x08004b1c   0x08004b1c   0x00000070   Code   RO         5754    .text               c_w.l(strtol.o)
    0x08004b8c   0x08004b8c   0x00000044   Code   RO         5756    .text               c_w.l(strtok_int.o)
    0x08004bd0   0x08004bd0   0x00000008   Code   RO         5779    .text               c_w.l(libspace.o)
    0x08004bd8   0x08004bd8   0x00000010   Code   RO         5797    .text               c_w.l(rt_ctype_table.o)
    0x08004be8   0x08004be8   0x0000008a   Code   RO         5799    .text               c_w.l(lludiv10.o)
    0x08004c72   0x08004c72   0x0000041e   Code   RO         5801    .text               c_w.l(_printf_fp_dec.o)
    0x08005090   0x08005090   0x000002fc   Code   RO         5803    .text               c_w.l(_printf_fp_hex.o)
    0x0800538c   0x0800538c   0x0000002c   Code   RO         5808    .text               c_w.l(_printf_char.o)
    0x080053b8   0x080053b8   0x0000002c   Code   RO         5810    .text               c_w.l(_printf_wchar.o)
    0x080053e4   0x080053e4   0x0000009e   Code   RO         5812    .text               c_w.l(_strtoul.o)
    0x08005482   0x08005482   0x00000040   Code   RO         5814    .text               c_w.l(_wcrtomb.o)
    0x080054c2   0x080054c2   0x00000020   Code   RO         5816    .text               c_w.l(strcspn.o)
    0x080054e2   0x080054e2   0x0000001c   Code   RO         5818    .text               c_w.l(strspn.o)
    0x080054fe   0x080054fe   0x0000004a   Code   RO         5822    .text               c_w.l(sys_stackheap_outer.o)
    0x08005548   0x08005548   0x00000008   Code   RO         5827    .text               c_w.l(rt_locale_intlibspace.o)
    0x08005550   0x08005550   0x00000080   Code   RO         5829    .text               c_w.l(_printf_fp_infnan.o)
    0x080055d0   0x080055d0   0x0000001c   Code   RO         5831    .text               c_w.l(_chval.o)
    0x080055ec   0x080055ec   0x000000e4   Code   RO         5833    .text               c_w.l(bigflt0.o)
    0x080056d0   0x080056d0   0x00000012   Code   RO         5864    .text               c_w.l(exit.o)
    0x080056e2   0x080056e2   0x00000002   PAD
    0x080056e4   0x080056e4   0x0000000c   Code   RO         5936    .text               c_w.l(sys_exit.o)
    0x080056f0   0x080056f0   0x00000002   Code   RO         5947    .text               c_w.l(use_no_semi.o)
    0x080056f2   0x080056f2   0x00000000   Code   RO         5949    .text               c_w.l(indicate_semi.o)
    0x080056f2   0x080056f2   0x0000003e   Code   RO         5836    CL$$btod_d2e        c_w.l(btod.o)
    0x08005730   0x08005730   0x00000046   Code   RO         5838    CL$$btod_d2e_denorm_low  c_w.l(btod.o)
    0x08005776   0x08005776   0x00000060   Code   RO         5837    CL$$btod_d2e_norm_op1  c_w.l(btod.o)
    0x080057d6   0x080057d6   0x00000338   Code   RO         5846    CL$$btod_div_common  c_w.l(btod.o)
    0x08005b0e   0x08005b0e   0x000000dc   Code   RO         5843    CL$$btod_e2e        c_w.l(btod.o)
    0x08005bea   0x08005bea   0x0000002a   Code   RO         5840    CL$$btod_ediv       c_w.l(btod.o)
    0x08005c14   0x08005c14   0x0000002a   Code   RO         5839    CL$$btod_emul       c_w.l(btod.o)
    0x08005c3e   0x08005c3e   0x00000244   Code   RO         5845    CL$$btod_mult_common  c_w.l(btod.o)
    0x08005e82   0x08005e82   0x00000002   PAD
    0x08005e84   0x08005e84   0x00000056   Code   RO          542    i.ADC_ConversionStop_Disable  stm32f1xx_hal_adc.o
    0x08005eda   0x08005eda   0x00000002   Code   RO          313    i.BusFault_Handler  stm32f1xx_it.o
    0x08005edc   0x08005edc   0x0000002c   Code   RO           13    i.CLI_Task          main.o
    0x08005f08   0x08005f08   0x00000002   Code   RO          314    i.DebugMon_Handler  stm32f1xx_it.o
    0x08005f0a   0x08005f0a   0x00000002   PAD
    0x08005f0c   0x08005f0c   0x000000fc   Code   RO          548    i.HAL_ADC_ConfigChannel  stm32f1xx_hal_adc.o
    0x08006008   0x08006008   0x0000011c   Code   RO          557    i.HAL_ADC_Init      stm32f1xx_hal_adc.o
    0x08006124   0x08006124   0x00000058   Code   RO          396    i.HAL_ADC_MspInit   stm32f1xx_hal_msp.o
    0x0800617c   0x0800617c   0x00000046   Code   RO         1199    i.HAL_DMA_Abort     stm32f1xx_hal_dma.o
    0x080061c2   0x080061c2   0x00000002   PAD
    0x080061c4   0x080061c4   0x00000098   Code   RO         1200    i.HAL_DMA_Abort_IT  stm32f1xx_hal_dma.o
    0x0800625c   0x0800625c   0x00000006   Code   RO         1203    i.HAL_DMA_GetState  stm32f1xx_hal_dma.o
    0x08006262   0x08006262   0x00000002   PAD
    0x08006264   0x08006264   0x000001e0   Code   RO         1135    i.HAL_GPIO_Init     stm32f1xx_hal_gpio.o
    0x08006444   0x08006444   0x0000000a   Code   RO         1139    i.HAL_GPIO_WritePin  stm32f1xx_hal_gpio.o
    0x0800644e   0x0800644e   0x00000002   PAD
    0x08006450   0x08006450   0x0000000c   Code   RO          829    i.HAL_GetTick       stm32f1xx_hal.o
    0x0800645c   0x0800645c   0x00000002   Code   RO         1795    i.HAL_I2C_AbortCpltCallback  stm32f1xx_hal_i2c.o
    0x0800645e   0x0800645e   0x00000002   Code   RO         1796    i.HAL_I2C_AddrCallback  stm32f1xx_hal_i2c.o
    0x08006460   0x08006460   0x00000230   Code   RO         1800    i.HAL_I2C_EV_IRQHandler  stm32f1xx_hal_i2c.o
    0x08006690   0x08006690   0x00000002   Code   RO         1802    i.HAL_I2C_ErrorCallback  stm32f1xx_hal_i2c.o
    0x08006692   0x08006692   0x00000002   PAD
    0x08006694   0x08006694   0x00000188   Code   RO         1806    i.HAL_I2C_Init      stm32f1xx_hal_i2c.o
    0x0800681c   0x0800681c   0x00000002   Code   RO         1808    i.HAL_I2C_ListenCpltCallback  stm32f1xx_hal_i2c.o
    0x0800681e   0x0800681e   0x00000002   Code   RO         1809    i.HAL_I2C_MasterRxCpltCallback  stm32f1xx_hal_i2c.o
    0x08006820   0x08006820   0x00000002   Code   RO         1810    i.HAL_I2C_MasterTxCpltCallback  stm32f1xx_hal_i2c.o
    0x08006822   0x08006822   0x00000002   PAD
    0x08006824   0x08006824   0x00000250   Code   RO         1812    i.HAL_I2C_Master_Receive  stm32f1xx_hal_i2c.o
    0x08006a74   0x08006a74   0x0000012c   Code   RO         1819    i.HAL_I2C_Master_Transmit  stm32f1xx_hal_i2c.o
    0x08006ba0   0x08006ba0   0x00000002   Code   RO         1822    i.HAL_I2C_MemRxCpltCallback  stm32f1xx_hal_i2c.o
    0x08006ba2   0x08006ba2   0x00000002   Code   RO         1823    i.HAL_I2C_MemTxCpltCallback  stm32f1xx_hal_i2c.o
    0x08006ba4   0x08006ba4   0x0000006c   Code   RO          398    i.HAL_I2C_MspInit   stm32f1xx_hal_msp.o
    0x08006c10   0x08006c10   0x00000002   Code   RO         1832    i.HAL_I2C_SlaveRxCpltCallback  stm32f1xx_hal_i2c.o
    0x08006c12   0x08006c12   0x00000002   Code   RO         1833    i.HAL_I2C_SlaveTxCpltCallback  stm32f1xx_hal_i2c.o
    0x08006c14   0x08006c14   0x00000010   Code   RO          835    i.HAL_IncTick       stm32f1xx_hal.o
    0x08006c24   0x08006c24   0x00000024   Code   RO          836    i.HAL_Init          stm32f1xx_hal.o
    0x08006c48   0x08006c48   0x00000098   Code   RO          467    i.HAL_InitTick      stm32f1xx_hal_timebase_tim.o
    0x08006ce0   0x08006ce0   0x00000048   Code   RO          399    i.HAL_MspInit       stm32f1xx_hal_msp.o
    0x08006d28   0x08006d28   0x0000001a   Code   RO         1295    i.HAL_NVIC_EnableIRQ  stm32f1xx_hal_cortex.o
    0x08006d42   0x08006d42   0x00000002   PAD
    0x08006d44   0x08006d44   0x00000040   Code   RO         1301    i.HAL_NVIC_SetPriority  stm32f1xx_hal_cortex.o
    0x08006d84   0x08006d84   0x00000024   Code   RO         1302    i.HAL_NVIC_SetPriorityGrouping  stm32f1xx_hal_cortex.o
    0x08006da8   0x08006da8   0x0000000c   Code   RO         1417    i.HAL_PWR_EnableBkUpAccess  stm32f1xx_hal_pwr.o
    0x08006db4   0x08006db4   0x000000a4   Code   RO         1096    i.HAL_RCCEx_GetPeriphCLKFreq  stm32f1xx_hal_rcc_ex.o
    0x08006e58   0x08006e58   0x000000ec   Code   RO         1097    i.HAL_RCCEx_PeriphCLKConfig  stm32f1xx_hal_rcc_ex.o
    0x08006f44   0x08006f44   0x0000012c   Code   RO          993    i.HAL_RCC_ClockConfig  stm32f1xx_hal_rcc.o
    0x08007070   0x08007070   0x00000040   Code   RO          997    i.HAL_RCC_GetClockConfig  stm32f1xx_hal_rcc.o
    0x080070b0   0x080070b0   0x00000020   Code   RO         1000    i.HAL_RCC_GetPCLK1Freq  stm32f1xx_hal_rcc.o
    0x080070d0   0x080070d0   0x00000020   Code   RO         1001    i.HAL_RCC_GetPCLK2Freq  stm32f1xx_hal_rcc.o
    0x080070f0   0x080070f0   0x0000004c   Code   RO         1002    i.HAL_RCC_GetSysClockFreq  stm32f1xx_hal_rcc.o
    0x0800713c   0x0800713c   0x00000320   Code   RO         1005    i.HAL_RCC_OscConfig  stm32f1xx_hal_rcc.o
    0x0800745c   0x0800745c   0x0000004e   Code   RO         2237    i.HAL_RTC_GetDate   stm32f1xx_hal_rtc.o
    0x080074aa   0x080074aa   0x000000d8   Code   RO         2239    i.HAL_RTC_GetTime   stm32f1xx_hal_rtc.o
    0x08007582   0x08007582   0x00000002   PAD
    0x08007584   0x08007584   0x00000094   Code   RO         2240    i.HAL_RTC_Init      stm32f1xx_hal_rtc.o
    0x08007618   0x08007618   0x00000034   Code   RO          401    i.HAL_RTC_MspInit   stm32f1xx_hal_msp.o
    0x0800764c   0x0800764c   0x000000c4   Code   RO         2246    i.HAL_RTC_SetDate   stm32f1xx_hal_rtc.o
    0x08007710   0x08007710   0x000000ac   Code   RO         2247    i.HAL_RTC_SetTime   stm32f1xx_hal_rtc.o
    0x080077bc   0x080077bc   0x0000003a   Code   RO         2248    i.HAL_RTC_WaitForSynchro  stm32f1xx_hal_rtc.o
    0x080077f6   0x080077f6   0x00000002   Code   RO         3210    i.HAL_TIMEx_BreakCallback  stm32f1xx_hal_tim_ex.o
    0x080077f8   0x080077f8   0x00000002   Code   RO         3211    i.HAL_TIMEx_CommutCallback  stm32f1xx_hal_tim_ex.o
    0x080077fa   0x080077fa   0x0000005a   Code   RO         2506    i.HAL_TIM_Base_Init  stm32f1xx_hal_tim.o
    0x08007854   0x08007854   0x00000002   Code   RO         2508    i.HAL_TIM_Base_MspInit  stm32f1xx_hal_tim.o
    0x08007856   0x08007856   0x00000002   PAD
    0x08007858   0x08007858   0x00000058   Code   RO         2511    i.HAL_TIM_Base_Start_IT  stm32f1xx_hal_tim.o
    0x080078b0   0x080078b0   0x00000002   Code   RO         2540    i.HAL_TIM_IC_CaptureCallback  stm32f1xx_hal_tim.o
    0x080078b2   0x080078b2   0x00000166   Code   RO         2554    i.HAL_TIM_IRQHandler  stm32f1xx_hal_tim.o
    0x08007a18   0x08007a18   0x00000002   Code   RO         2557    i.HAL_TIM_OC_DelayElapsedCallback  stm32f1xx_hal_tim.o
    0x08007a1a   0x08007a1a   0x00000002   Code   RO         2584    i.HAL_TIM_PWM_PulseFinishedCallback  stm32f1xx_hal_tim.o
    0x08007a1c   0x08007a1c   0x00000014   Code   RO           15    i.HAL_TIM_PeriodElapsedCallback  main.o
    0x08007a30   0x08007a30   0x00000002   Code   RO         2597    i.HAL_TIM_TriggerCallback  stm32f1xx_hal_tim.o
    0x08007a32   0x08007a32   0x00000002   Code   RO         3489    i.HAL_UARTEx_RxEventCallback  stm32f1xx_hal_uart.o
    0x08007a34   0x08007a34   0x00000002   Code   RO         3503    i.HAL_UART_ErrorCallback  stm32f1xx_hal_uart.o
    0x08007a36   0x08007a36   0x00000002   PAD
    0x08007a38   0x08007a38   0x0000026c   Code   RO         3506    i.HAL_UART_IRQHandler  stm32f1xx_hal_uart.o
    0x08007ca4   0x08007ca4   0x00000064   Code   RO         3507    i.HAL_UART_Init     stm32f1xx_hal_uart.o
    0x08007d08   0x08007d08   0x000000d8   Code   RO          403    i.HAL_UART_MspInit  stm32f1xx_hal_msp.o
    0x08007de0   0x08007de0   0x0000001c   Code   RO         3512    i.HAL_UART_Receive_IT  stm32f1xx_hal_uart.o
    0x08007dfc   0x08007dfc   0x00000030   Code   RO           16    i.HAL_UART_RxCpltCallback  main.o
    0x08007e2c   0x08007e2c   0x0000009a   Code   RO         3515    i.HAL_UART_Transmit  stm32f1xx_hal_uart.o
    0x08007ec6   0x08007ec6   0x00000002   Code   RO         3518    i.HAL_UART_TxCpltCallback  stm32f1xx_hal_uart.o
    0x08007ec8   0x08007ec8   0x00000002   Code   RO          315    i.HardFault_Handler  stm32f1xx_it.o
    0x08007eca   0x08007eca   0x00000002   PAD
    0x08007ecc   0x08007ecc   0x0000000c   Code   RO          316    i.I2C1_EV_IRQHandler  stm32f1xx_it.o
    0x08007ed8   0x08007ed8   0x000000bc   Code   RO         1844    i.I2C_DMAAbort      stm32f1xx_hal_i2c.o
    0x08007f94   0x08007f94   0x00000010   Code   RO         1847    i.I2C_Flush_DR      stm32f1xx_hal_i2c.o
    0x08007fa4   0x08007fa4   0x00000158   Code   RO         1848    i.I2C_ITError       stm32f1xx_hal_i2c.o
    0x080080fc   0x080080fc   0x0000002e   Code   RO         1849    i.I2C_IsAcknowledgeFailed  stm32f1xx_hal_i2c.o
    0x0800812a   0x0800812a   0x000000d2   Code   RO         1850    i.I2C_MasterReceive_BTF  stm32f1xx_hal_i2c.o
    0x080081fc   0x080081fc   0x000000e8   Code   RO         1851    i.I2C_MasterReceive_RXNE  stm32f1xx_hal_i2c.o
    0x080082e4   0x080082e4   0x000000ec   Code   RO         1852    i.I2C_MasterRequestRead  stm32f1xx_hal_i2c.o
    0x080083d0   0x080083d0   0x0000009c   Code   RO         1853    i.I2C_MasterRequestWrite  stm32f1xx_hal_i2c.o
    0x0800846c   0x0800846c   0x00000082   Code   RO         1854    i.I2C_MasterTransmit_BTF  stm32f1xx_hal_i2c.o
    0x080084ee   0x080084ee   0x00000002   PAD
    0x080084f0   0x080084f0   0x000000b6   Code   RO         1855    i.I2C_MasterTransmit_TXE  stm32f1xx_hal_i2c.o
    0x080085a6   0x080085a6   0x00000002   PAD
    0x080085a8   0x080085a8   0x00000158   Code   RO         1856    i.I2C_Master_ADDR   stm32f1xx_hal_i2c.o
    0x08008700   0x08008700   0x0000008c   Code   RO         1857    i.I2C_Master_SB     stm32f1xx_hal_i2c.o
    0x0800878c   0x0800878c   0x000000a8   Code   RO         1858    i.I2C_MemoryTransmit_TXE_BTF  stm32f1xx_hal_i2c.o
    0x08008834   0x08008834   0x00000046   Code   RO         1861    i.I2C_Slave_ADDR    stm32f1xx_hal_i2c.o
    0x0800887a   0x0800887a   0x00000002   PAD
    0x0800887c   0x0800887c   0x0000015c   Code   RO         1863    i.I2C_Slave_STOPF   stm32f1xx_hal_i2c.o
    0x080089d8   0x080089d8   0x00000056   Code   RO         1864    i.I2C_WaitOnBTFFlagUntilTimeout  stm32f1xx_hal_i2c.o
    0x08008a2e   0x08008a2e   0x00000002   PAD
    0x08008a30   0x08008a30   0x00000090   Code   RO         1865    i.I2C_WaitOnFlagUntilTimeout  stm32f1xx_hal_i2c.o
    0x08008ac0   0x08008ac0   0x000000bc   Code   RO         1866    i.I2C_WaitOnMasterAddressFlagUntilTimeout  stm32f1xx_hal_i2c.o
    0x08008b7c   0x08008b7c   0x00000070   Code   RO         1867    i.I2C_WaitOnRXNEFlagUntilTimeout  stm32f1xx_hal_i2c.o
    0x08008bec   0x08008bec   0x00000056   Code   RO         1868    i.I2C_WaitOnTXEFlagUntilTimeout  stm32f1xx_hal_i2c.o
    0x08008c42   0x08008c42   0x00000002   PAD
    0x08008c44   0x08008c44   0x00000050   Code   RO           17    i.MX_ADC1_Init      main.o
    0x08008c94   0x08008c94   0x000000d8   Code   RO           18    i.MX_GPIO_Init      main.o
    0x08008d6c   0x08008d6c   0x00000078   Code   RO           19    i.MX_RTC_Init       main.o
    0x08008de4   0x08008de4   0x00000080   Code   RO           20    i.MX_RTC_Setup      main.o
    0x08008e64   0x08008e64   0x00000002   Code   RO          317    i.MemManage_Handler  stm32f1xx_it.o
    0x08008e66   0x08008e66   0x00000002   Code   RO          318    i.NMI_Handler       stm32f1xx_it.o
    0x08008e68   0x08008e68   0x00000008   Code   RO           21    i.OTA_Task          main.o
    0x08008e70   0x08008e70   0x00000012   Code   RO         2249    i.RTC_Bcd2ToByte    stm32f1xx_hal_rtc.o
    0x08008e82   0x08008e82   0x00000016   Code   RO         2250    i.RTC_ByteToBcd2    stm32f1xx_hal_rtc.o
    0x08008e98   0x08008e98   0x000000ae   Code   RO         2251    i.RTC_DateUpdate    stm32f1xx_hal_rtc.o
    0x08008f46   0x08008f46   0x00000034   Code   RO         2252    i.RTC_EnterInitMode  stm32f1xx_hal_rtc.o
    0x08008f7a   0x08008f7a   0x00000002   PAD
    0x08008f7c   0x08008f7c   0x00000036   Code   RO         2253    i.RTC_ExitInitMode  stm32f1xx_hal_rtc.o
    0x08008fb2   0x08008fb2   0x0000000e   Code   RO         2254    i.RTC_ReadAlarmCounter  stm32f1xx_hal_rtc.o
    0x08008fc0   0x08008fc0   0x00000020   Code   RO         2255    i.RTC_ReadTimeCounter  stm32f1xx_hal_rtc.o
    0x08008fe0   0x08008fe0   0x00000056   Code   RO         2256    i.RTC_WeekDayNum    stm32f1xx_hal_rtc.o
    0x08009036   0x08009036   0x00000028   Code   RO         2257    i.RTC_WriteAlarmCounter  stm32f1xx_hal_rtc.o
    0x0800905e   0x0800905e   0x00000028   Code   RO         2258    i.RTC_WriteTimeCounter  stm32f1xx_hal_rtc.o
    0x08009086   0x08009086   0x00000004   Code   RO         5492    i.SHT2x_GetInteger  sht2x.o
    0x0800908a   0x0800908a   0x00000002   PAD
    0x0800908c   0x0800908c   0x00000038   Code   RO         5493    i.SHT2x_GetRaw      sht2x.o
    0x080090c4   0x080090c4   0x00000044   Code   RO         5495    i.SHT2x_GetTemperature  sht2x.o
    0x08009108   0x08009108   0x0000000c   Code   RO         5496    i.SHT2x_Init        sht2x.o
    0x08009114   0x08009114   0x00000034   Code   RO         5498    i.SHT2x_ReadUserReg  sht2x.o
    0x08009148   0x08009148   0x00000038   Code   RO         5499    i.SHT2x_SetResolution  sht2x.o
    0x08009180   0x08009180   0x000000e8   Code   RO           22    i.SensingTask       main.o
    0x08009268   0x08009268   0x0000002c   Code   RO           23    i.StartDefaultTask  main.o
    0x08009294   0x08009294   0x0000002c   Code   RO         5066    i.SysTick_Handler   port.o
    0x080092c0   0x080092c0   0x00000086   Code   RO           24    i.SystemClock_Config  main.o
    0x08009346   0x08009346   0x00000002   Code   RO         3841    i.SystemInit        system_stm32f1xx.o
    0x08009348   0x08009348   0x0000000c   Code   RO          319    i.TIM4_IRQHandler   stm32f1xx_it.o
    0x08009354   0x08009354   0x0000006c   Code   RO         2599    i.TIM_Base_SetConfig  stm32f1xx_hal_tim.o
    0x080093c0   0x080093c0   0x00000010   Code   RO         3520    i.UART_DMAAbortOnError  stm32f1xx_hal_uart.o
    0x080093d0   0x080093d0   0x0000004e   Code   RO         3530    i.UART_EndRxTransfer  stm32f1xx_hal_uart.o
    0x0800941e   0x0800941e   0x000000c2   Code   RO         3532    i.UART_Receive_IT   stm32f1xx_hal_uart.o
    0x080094e0   0x080094e0   0x000000b8   Code   RO         3533    i.UART_SetConfig    stm32f1xx_hal_uart.o
    0x08009598   0x08009598   0x00000036   Code   RO         3535    i.UART_Start_Receive_IT  stm32f1xx_hal_uart.o
    0x080095ce   0x080095ce   0x00000078   Code   RO         3536    i.UART_WaitOnFlagUntilTimeout  stm32f1xx_hal_uart.o
    0x08009646   0x08009646   0x00000002   PAD
    0x08009648   0x08009648   0x0000000c   Code   RO          320    i.USART1_IRQHandler  stm32f1xx_it.o
    0x08009654   0x08009654   0x0000000c   Code   RO          321    i.USART2_IRQHandler  stm32f1xx_it.o
    0x08009660   0x08009660   0x00000002   Code   RO          322    i.UsageFault_Handler  stm32f1xx_it.o
    0x08009662   0x08009662   0x00000028   Code   RO         5876    i.__ARM_fpclassify  m_ws.l(fpclassify.o)
    0x0800968a   0x0800968a   0x00000020   Code   RO         1308    i.__NVIC_SetPriority  stm32f1xx_hal_cortex.o
    0x080096aa   0x080096aa   0x0000000e   Code   RO         5605    i._is_digit         c_w.l(__printf_wp.o)
    0x080096b8   0x080096b8   0x00000074   Code   RO         5254    i.cli_command_excute  cli_command.o
    0x0800972c   0x0800972c   0x00000024   Code   RO         5255    i.find_command_infor  cli_command.o
    0x08009750   0x08009750   0x0000008c   Code   RO         5326    i.gettemperature    gettemperature_ci.o
    0x080097dc   0x080097dc   0x000001bc   Code   RO           25    i.main              main.o
    0x08009998   0x08009998   0x0000000c   Code   RO         4637    i.makeFreeRtosPriority  cmsis_os.o
    0x080099a4   0x080099a4   0x0000000a   Code   RO         4642    i.osKernelStart     cmsis_os.o
    0x080099ae   0x080099ae   0x00000054   Code   RO         4676    i.osThreadCreate    cmsis_os.o
    0x08009a02   0x08009a02   0x00000002   PAD
    0x08009a04   0x08009a04   0x00000070   Code   RO         4334    i.prvAddCurrentTaskToDelayedList  tasks.o
    0x08009a74   0x08009a74   0x000000d0   Code   RO         4335    i.prvAddNewTaskToReadyList  tasks.o
    0x08009b44   0x08009b44   0x00000034   Code   RO         4336    i.prvDeleteTCB      tasks.o
    0x08009b78   0x08009b78   0x0000004c   Code   RO         5004    i.prvHeapInit       heap_4.o
    0x08009bc4   0x08009bc4   0x00000060   Code   RO         4337    i.prvIdleTask       tasks.o
    0x08009c24   0x08009c24   0x0000008e   Code   RO         4338    i.prvInitialiseNewTask  tasks.o
    0x08009cb2   0x08009cb2   0x00000002   PAD
    0x08009cb4   0x08009cb4   0x0000004c   Code   RO         5005    i.prvInsertBlockIntoFreeList  heap_4.o
    0x08009d00   0x08009d00   0x00000020   Code   RO         4339    i.prvResetNextTaskUnblockTime  tasks.o
    0x08009d20   0x08009d20   0x00000028   Code   RO         5067    i.prvTaskExitError  port.o
    0x08009d48   0x08009d48   0x000000d8   Code   RO         5006    i.pvPortMalloc      heap_4.o
    0x08009e20   0x08009e20   0x00000024   Code   RO         5068    i.pxPortInitialiseStack  port.o
    0x08009e44   0x08009e44   0x0000002c   Code   RO         5202    i.recv_data         uart.o
    0x08009e70   0x08009e70   0x0000000c   Code   RO         5160    i.response_init     response_ci.o
    0x08009e7c   0x08009e7c   0x00000030   Code   RO         5161    i.response_print    response_ci.o
    0x08009eac   0x08009eac   0x00000028   Code   RO         5411    i.send_data         sender.o
    0x08009ed4   0x08009ed4   0x000000f4   Code   RO         5439    i.setDateTime       setdatetime_ci.o
    0x08009fc8   0x08009fc8   0x000000b0   Code   RO         5464    i.setInforNode      setinfornode_ci.o
    0x0800a078   0x0800a078   0x000000b4   Code   RO         5351    i.setTemperatureMax  settemperature_ci.o
    0x0800a12c   0x0800a12c   0x00000024   Code   RO         5203    i.uart_handle       uart.o
    0x0800a150   0x0800a150   0x000000f4   Code   RO         5382    i.unix_time_in_seconds  convert_timestamp.o
    0x0800a244   0x0800a244   0x00000026   Code   RO         3979    i.uxListRemove      list.o
    0x0800a26a   0x0800a26a   0x00000002   PAD
    0x0800a26c   0x0800a26c   0x00000014   Code   RO          279    i.vApplicationGetIdleTaskMemory  freertos.o
    0x0800a280   0x0800a280   0x00000016   Code   RO         3980    i.vListInitialise   list.o
    0x0800a296   0x0800a296   0x00000006   Code   RO         3981    i.vListInitialiseItem  list.o
    0x0800a29c   0x0800a29c   0x00000030   Code   RO         3982    i.vListInsert       list.o
    0x0800a2cc   0x0800a2cc   0x00000018   Code   RO         3983    i.vListInsertEnd    list.o
    0x0800a2e4   0x0800a2e4   0x00000040   Code   RO         5070    i.vPortEnterCritical  port.o
    0x0800a324   0x0800a324   0x00000028   Code   RO         5071    i.vPortExitCritical  port.o
    0x0800a34c   0x0800a34c   0x0000005c   Code   RO         5007    i.vPortFree         heap_4.o
    0x0800a3a8   0x0800a3a8   0x00000024   Code   RO         5072    i.vPortSetupTimerInterrupt  port.o
    0x0800a3cc   0x0800a3cc   0x0000004c   Code   RO         4347    i.vTaskDelay        tasks.o
    0x0800a418   0x0800a418   0x0000006c   Code   RO         4360    i.vTaskStartScheduler  tasks.o
    0x0800a484   0x0800a484   0x000000bc   Code   RO         4361    i.vTaskSuspend      tasks.o
    0x0800a540   0x0800a540   0x00000010   Code   RO         4362    i.vTaskSuspendAll   tasks.o
    0x0800a550   0x0800a550   0x0000005c   Code   RO         4363    i.vTaskSwitchContext  tasks.o
    0x0800a5ac   0x0800a5ac   0x000000a8   Code   RO         5074    i.xPortStartScheduler  port.o
    0x0800a654   0x0800a654   0x0000005a   Code   RO         4365    i.xTaskCreate       tasks.o
    0x0800a6ae   0x0800a6ae   0x00000056   Code   RO         4366    i.xTaskCreateStatic  tasks.o
    0x0800a704   0x0800a704   0x000000c8   Code   RO         4373    i.xTaskIncrementTick  tasks.o
    0x0800a7cc   0x0800a7cc   0x000000c4   Code   RO         4379    i.xTaskResumeAll    tasks.o
    0x0800a890   0x0800a890   0x0000002c   Code   RO         5859    locale$$code        c_w.l(lc_ctype_c.o)
    0x0800a8bc   0x0800a8bc   0x0000002c   Code   RO         5862    locale$$code        c_w.l(lc_numeric_c.o)
    0x0800a8e8   0x0800a8e8   0x00000062   Code   RO         5638    x$fpl$d2f           fz_ws.l(d2f.o)
    0x0800a94a   0x0800a94a   0x00000002   PAD
    0x0800a94c   0x0800a94c   0x00000150   Code   RO         5640    x$fpl$dadd          fz_ws.l(daddsub_clz.o)
    0x0800aa9c   0x0800aa9c   0x00000010   Code   RO         5760    x$fpl$dcheck1       fz_ws.l(dcheck1.o)
    0x0800aaac   0x0800aaac   0x00000026   Code   RO         5646    x$fpl$dfltu         fz_ws.l(dflt_clz.o)
    0x0800aad2   0x0800aad2   0x00000002   PAD
    0x0800aad4   0x0800aad4   0x00000154   Code   RO         5652    x$fpl$dmul          fz_ws.l(dmul.o)
    0x0800ac28   0x0800ac28   0x0000009c   Code   RO         5762    x$fpl$dnaninf       fz_ws.l(dnaninf.o)
    0x0800acc4   0x0800acc4   0x0000000c   Code   RO         5764    x$fpl$dretinf       fz_ws.l(dretinf.o)
    0x0800acd0   0x0800acd0   0x000001d4   Code   RO         5642    x$fpl$dsub          fz_ws.l(daddsub_clz.o)
    0x0800aea4   0x0800aea4   0x00000036   Code   RO         5662    x$fpl$ffix          fz_ws.l(ffix.o)
    0x0800aeda   0x0800aeda   0x0000008c   Code   RO         5766    x$fpl$fnaninf       fz_ws.l(fnaninf.o)
    0x0800af66   0x0800af66   0x0000000a   Code   RO         5768    x$fpl$fretinf       fz_ws.l(fretinf.o)
    0x0800af70   0x0800af70   0x00000004   Code   RO         5770    x$fpl$printf1       fz_ws.l(printf1.o)
    0x0800af74   0x0800af74   0x00000004   Code   RO         5772    x$fpl$printf2       fz_ws.l(printf2.o)
    0x0800af78   0x0800af78   0x00000064   Code   RO         5820    x$fpl$retnan        fz_ws.l(retnan.o)
    0x0800afdc   0x0800afdc   0x0000005c   Code   RO         5678    x$fpl$scalbn        fz_ws.l(scalbn.o)
    0x0800b038   0x0800b038   0x00000030   Code   RO         5874    x$fpl$trapveneer    fz_ws.l(trapv.o)
    0x0800b068   0x0800b068   0x00000000   Code   RO         5778    x$fpl$usenofp       fz_ws.l(usenofp.o)
    0x0800b068   0x0800b068   0x0000001c   Data   RO           27    .constdata          main.o
    0x0800b084   0x0800b084   0x00000012   Data   RO         1006    .constdata          stm32f1xx_hal_rcc.o
    0x0800b096   0x0800b096   0x00000012   Data   RO         1098    .constdata          stm32f1xx_hal_rcc_ex.o
    0x0800b0a8   0x0800b0a8   0x00000010   Data   RO         3842    .constdata          system_stm32f1xx.o
    0x0800b0b8   0x0800b0b8   0x00000008   Data   RO         3843    .constdata          system_stm32f1xx.o
    0x0800b0c0   0x0800b0c0   0x00000008   Data   RO         5287    .constdata          cli_command_table.o
    0x0800b0c8   0x0800b0c8   0x00000008   Data   RO         5288    .constdata          cli_command_table.o
    0x0800b0d0   0x0800b0d0   0x00000008   Data   RO         5289    .constdata          cli_command_table.o
    0x0800b0d8   0x0800b0d8   0x00000008   Data   RO         5290    .constdata          cli_command_table.o
    0x0800b0e0   0x0800b0e0   0x00000028   Data   RO         5291    .constdata          cli_command_table.o
    0x0800b108   0x0800b108   0x00000011   Data   RO         5613    .constdata          c_w.l(__printf_flags_ss_wp.o)
    0x0800b119   0x0800b119   0x00000003   PAD
    0x0800b11c   0x0800b11c   0x00000008   Data   RO         5701    .constdata          c_w.l(_printf_wctomb.o)
    0x0800b124   0x0800b124   0x00000028   Data   RO         5730    .constdata          c_w.l(_printf_hex_int_ll_ptr.o)
    0x0800b14c   0x0800b14c   0x00000026   Data   RO         5804    .constdata          c_w.l(_printf_fp_hex.o)
    0x0800b172   0x0800b172   0x00000002   PAD
    0x0800b174   0x0800b174   0x00000094   Data   RO         5834    .constdata          c_w.l(bigflt0.o)
    0x0800b208   0x0800b208   0x0000000c   Data   RO           28    .conststring        main.o
    0x0800b214   0x0800b214   0x00000013   Data   RO         5292    .conststring        cli_command_table.o
    0x0800b227   0x0800b227   0x00000001   PAD
    0x0800b228   0x0800b228   0x00000013   Data   RO         5293    .conststring        cli_command_table.o
    0x0800b23b   0x0800b23b   0x00000001   PAD
    0x0800b23c   0x0800b23c   0x00000019   Data   RO         5294    .conststring        cli_command_table.o
    0x0800b255   0x0800b255   0x00000003   PAD
    0x0800b258   0x0800b258   0x0000003a   Data   RO         5295    .conststring        cli_command_table.o
    0x0800b292   0x0800b292   0x00000002   PAD
    0x0800b294   0x0800b294   0x0000002b   Data   RO         5296    .conststring        cli_command_table.o
    0x0800b2bf   0x0800b2bf   0x00000001   PAD
    0x0800b2c0   0x0800b2c0   0x0000004c   Data   RO         5412    .conststring        sender.o
    0x0800b30c   0x0800b30c   0x00000020   Data   RO         6004    Region$$Table       anon$$obj.o
    0x0800b32c   0x0800b32c   0x00000110   Data   RO         5858    locale$$data        c_w.l(lc_ctype_c.o)
    0x0800b43c   0x0800b43c   0x0000001c   Data   RO         5861    locale$$data        c_w.l(lc_numeric_c.o)


    Execution Region RW_IRAM1 (Exec base: 0x20000000, Load base: 0x0800b458, Size: 0x00001890, Max: 0x00005000, ABSOLUTE)

    Exec Addr    Load Addr    Size         Type   Attr      Idx    E Section Name        Object

    0x20000000   0x0800b458   0x0000002c   Data   RW           29    .data               main.o
    0x2000002c   0x0800b484   0x0000000c   Data   RW          843    .data               stm32f1xx_hal.o
    0x20000038   0x0800b490   0x00000004   Data   RW         3844    .data               system_stm32f1xx.o
    0x2000003c   0x0800b494   0x0000003c   Data   RW         4382    .data               tasks.o
    0x20000078   0x0800b4d0   0x00000018   Data   RW         5012    .data               heap_4.o
    0x20000090   0x0800b4e8   0x0000000c   Data   RW         5075    .data               port.o
    0x2000009c   0x0800b4f4   0x00000004   Data   RW         5162    .data               response_ci.o
    0x200000a0   0x0800b4f8   0x00000002   Data   RW         5206    .data               uart.o
    0x200000a2   0x0800b4fa   0x00000002   PAD
    0x200000a4   0x0800b4fc   0x00000068   Data   RW         5383    .data               convert_timestamp.o
    0x2000010c   0x0800b564   0x00000004   Data   RW         5501    .data               sht2x.o
    0x20000110   0x0800b568   0x00000004   Data   RW         5620    .data               c_w.l(strtok.o)
    0x20000114        -       0x00000128   Zero   RW           26    .bss                main.o
    0x2000023c        -       0x00000254   Zero   RW          280    .bss                freertos.o
    0x20000490        -       0x00000048   Zero   RW          470    .bss                stm32f1xx_hal_timebase_tim.o
    0x200004d8        -       0x000000f0   Zero   RW         4381    .bss                tasks.o
    0x200005c8        -       0x00000c00   Zero   RW         5011    .bss                heap_4.o
    0x200011c8        -       0x00000064   Zero   RW         5205    .bss                uart.o
    0x2000122c        -       0x00000060   Zero   RW         5780    .bss                c_w.l(libspace.o)
    0x2000128c   0x0800b56c   0x00000004   PAD
    0x20001290        -       0x00000200   Zero   RW            2    HEAP                startup_stm32f103xb.o
    0x20001490        -       0x00000400   Zero   RW            1    STACK               startup_stm32f103xb.o


==============================================================================

Image component sizes


      Code (inc. data)   RO Data    RW Data    ZI Data      Debug   Object Name

       152         48          0          0          0       2558   cli_command.o
         0          0        236          0          0        974   cli_command_table.o
       106          0          0          0          0      21891   cmsis_os.o
       244         10          0        104          0       2439   convert_timestamp.o
         0          0          0          0          0      18296   event_groups.o
        20          4          0          0        596       1280   freertos.o
       140        104          0          0          0        605   gettemperature_ci.o
       460         24          0         24       3072       7351   heap_4.o
       138          0          0          0          0       3498   list.o
      1518        276         40         44        296     494549   main.o
       578         60          0         12          0      10500   port.o
        60         12          0          4          0       2269   response_ci.o
        40          6         76          0          0        608   sender.o
       244        134          0          0          0        658   setdatetime_ci.o
       176        122          0          0          0        635   setinfornode_ci.o
       180        132          0          0          0        644   settemperature_ci.o
       248         44          0          4          0       4445   sht2x.o
        64         26        236          0       1536        824   startup_stm32f103xb.o
        64         14          0         12          0       4726   stm32f1xx_hal.o
       622         24          0          0          0       3360   stm32f1xx_hal_adc.o
       158         14          0          0          0      28274   stm32f1xx_hal_cortex.o
       228          4          0          0          0       2386   stm32f1xx_hal_dma.o
       490         34          0          0          0       2932   stm32f1xx_hal_gpio.o
      5290         86          0          0          0      30652   stm32f1xx_hal_i2c.o
       536         64          0          0          0       3715   stm32f1xx_hal_msp.o
        12          4          0          0          0        527   stm32f1xx_hal_pwr.o
      1304         94         18          0          0       5849   stm32f1xx_hal_rcc.o
       400         28         18          0          0       2513   stm32f1xx_hal_rcc_ex.o
      1400         12          0          0          0      12960   stm32f1xx_hal_rtc.o
       654         26          0          0          0       7220   stm32f1xx_hal_tim.o
         4          0          0          0          0       1629   stm32f1xx_hal_tim_ex.o
       152         20          0          0         72       1523   stm32f1xx_hal_timebase_tim.o
      1554         10          0          0          0      11088   stm32f1xx_hal_uart.o
        60         24          0          0          0       4476   stm32f1xx_it.o
         0          0          0          0          0        416   stream_buffer.o
         2          0         24          4          0       1163   system_stm32f1xx.o
      1694        124          0         60        240      17281   tasks.o
        80         20          0          2        100       1632   uart.o

    ----------------------------------------------------------------------
     19118       1604        688        272       5912     718346   Object Totals
         0          0         32          0          0          0   (incl. Generated)
        46          0          8          2          0          0   (incl. Padding)

    ----------------------------------------------------------------------

      Code (inc. data)   RO Data    RW Data    ZI Data      Debug   Library Member Name

        44          6          0          0          0         84   __2sprintf.o
         8          0          0          0          0         68   __main.o
       392          4         17          0          0         92   __printf_flags_ss_wp.o
        14          0          0          0          0         68   __printf_wp.o
         0          0          0          0          0          0   __rtentry.o
        12          0          0          0          0          0   __rtentry2.o
         6          0          0          0          0          0   __rtentry4.o
        52          8          0          0          0          0   __scatter.o
        26          0          0          0          0          0   __scatter_copy.o
        28          0          0          0          0          0   __scatter_zi.o
        28          0          0          0          0         68   _chval.o
         6          0          0          0          0          0   _printf_a.o
         6          0          0          0          0          0   _printf_c.o
        44          0          0          0          0        108   _printf_char.o
        48          6          0          0          0         96   _printf_char_common.o
        40          0          0          0          0         68   _printf_charcount.o
         6          0          0          0          0          0   _printf_d.o
       120         16          0          0          0         92   _printf_dec.o
         6          0          0          0          0          0   _printf_e.o
         6          0          0          0          0          0   _printf_f.o
      1054          0          0          0          0        216   _printf_fp_dec.o
       764          8         38          0          0        100   _printf_fp_hex.o
       128         16          0          0          0         84   _printf_fp_infnan.o
         6          0          0          0          0          0   _printf_g.o
       148          4         40          0          0        160   _printf_hex_int_ll_ptr.o
         6          0          0          0          0          0   _printf_i.o
       178          0          0          0          0         88   _printf_intcommon.o
        10          0          0          0          0          0   _printf_l.o
         6          0          0          0          0          0   _printf_lc.o
        10          0          0          0          0          0   _printf_ll.o
         6          0          0          0          0          0   _printf_lld.o
         6          0          0          0          0          0   _printf_lli.o
         6          0          0          0          0          0   _printf_llo.o
         6          0          0          0          0          0   _printf_llu.o
         6          0          0          0          0          0   _printf_llx.o
       124         16          0          0          0         92   _printf_longlong_dec.o
         6          0          0          0          0          0   _printf_ls.o
         6          0          0          0          0          0   _printf_n.o
         6          0          0          0          0          0   _printf_o.o
       112         10          0          0          0        124   _printf_oct_int_ll.o
         6          0          0          0          0          0   _printf_p.o
        78          0          0          0          0        108   _printf_pad.o
         0          0          0          0          0          0   _printf_percent.o
         4          0          0          0          0          0   _printf_percent_end.o
         6          0          0          0          0          0   _printf_s.o
        82          0          0          0          0         80   _printf_str.o
        36          0          0          0          0         84   _printf_truncate.o
         6          0          0          0          0          0   _printf_u.o
        44          0          0          0          0        108   _printf_wchar.o
       188          6          8          0          0         92   _printf_wctomb.o
         6          0          0          0          0          0   _printf_x.o
        10          0          0          0          0         68   _sputc.o
       158          0          0          0          0         92   _strtoul.o
        64          0          0          0          0         92   _wcrtomb.o
        26          0          0          0          0         80   atoi.o
       228          4        148          0          0         96   bigflt0.o
      1936        128          0          0          0        672   btod.o
        18          0          0          0          0         80   exit.o
         6          0          0          0          0        152   heapauxi.o
         0          0          0          0          0          0   indicate_semi.o
        44         10        272          0          0         76   lc_ctype_c.o
        44         10         28          0          0         76   lc_numeric_c.o
         2          0          0          0          0          0   libinit.o
        30          0          0          0          0          0   libinit2.o
         2          0          0          0          0          0   libshutdown.o
         2          0          0          0          0          0   libshutdown2.o
         8          4          0          0         96         68   libspace.o
       138          0          0          0          0         80   lludiv10.o
        16          4          0          0          0         76   rt_ctype_table.o
         8          4          0          0          0         68   rt_errno_addr_intlibspace.o
         8          4          0          0          0         68   rt_locale_intlibspace.o
        78          0          0          0          0         80   rt_memclr_w.o
       100          0          0          0          0         80   rt_memcpy_w.o
         2          0          0          0          0          0   rtexit.o
        10          0          0          0          0          0   rtexit2.o
       128          0          0          0          0         68   strcmpv7m.o
        32          0          0          0          0         80   strcspn.o
        62          0          0          0          0         76   strlen.o
        28          0          0          0          0         80   strspn.o
        12          6          0          4          0         68   strtok.o
        68          4          0          0          0         84   strtok_int.o
       112          0          0          0          0         88   strtol.o
        12          4          0          0          0         68   sys_exit.o
        74          0          0          0          0         80   sys_stackheap_outer.o
         2          0          0          0          0         68   use_no_semi.o
        36          4          0          0          0         76   vsprintf.o
        98          4          0          0          0         92   d2f.o
       804         16          0          0          0        272   daddsub_clz.o
        16          4          0          0          0         68   dcheck1.o
        38          0          0          0          0         68   dflt_clz.o
       340         12          0          0          0        104   dmul.o
       156          4          0          0          0         92   dnaninf.o
        12          0          0          0          0         68   dretinf.o
        54          4          0          0          0         84   ffix.o
       140          4          0          0          0         84   fnaninf.o
        10          0          0          0          0         68   fretinf.o
         4          0          0          0          0         68   printf1.o
         4          0          0          0          0         68   printf2.o
       100          0          0          0          0         68   retnan.o
        92          0          0          0          0         68   scalbn.o
        48          0          0          0          0         68   trapv.o
         0          0          0          0          0          0   usenofp.o
        40          0          0          0          0         68   fpclassify.o

    ----------------------------------------------------------------------
      9422        334        556          4        100       6328   Library Totals
        20          0          5          0          4          0   (incl. Padding)

    ----------------------------------------------------------------------

      Code (inc. data)   RO Data    RW Data    ZI Data      Debug   Library Name

      7446        286        551          4         96       4920   c_w.l
      1916         48          0          0          0       1340   fz_ws.l
        40          0          0          0          0         68   m_ws.l

    ----------------------------------------------------------------------
      9422        334        556          4        100       6328   Library Totals

    ----------------------------------------------------------------------

==============================================================================


      Code (inc. data)   RO Data    RW Data    ZI Data      Debug   

     28540       1938       1244        276       6012     711878   Grand Totals
     28540       1938       1244        276       6012     711878   ELF Image Totals
     28540       1938       1244        276          0          0   ROM Totals

==============================================================================

    Total RO  Size (Code + RO Data)                29784 (  29.09kB)
    Total RW  Size (RW Data + ZI Data)              6288 (   6.14kB)
    Total ROM Size (Code + RO Data + RW Data)      30060 (  29.36kB)

==============================================================================

